<html>
<body>
<pre>
<h1>µVision Build Log</h1>
<h2>Tool Versions:</h2>
IDE-Version: µVision V5.21.1.0
Copyright (C) 2016 ARM Ltd and ARM Germany GmbH. All rights reserved.
License Information: Joel O'Halleron Northumbria University Flex license: MDK-ARM Professional: 50 user(s) (mdk_pro) Operation stops: 31 Jul 2018
 
Tool Versions:
Toolchain:       MDK-ARM Professional: 50 user(s)  Version: 5.21a
Toolchain Path:  C:\Keil_v5\ARM\ARMCC\Bin
C Compiler:      Armcc.exe V5.06 update 3 (build 300)
Assembler:       Armasm.exe V5.06 update 3 (build 300)
Linker/Locator:  ArmLink.exe V5.06 update 3 (build 300)
Library Manager: ArmAr.exe V5.06 update 3 (build 300)
Hex Converter:   FromElf.exe V5.06 update 3 (build 300)
CPU DLL:         SARMCM3.DLL V5.21a
Dialog DLL:      DCM.DLL V1.13.8.0
Target DLL:      CMSIS_AGDI.dll V1.26.5.0
Dialog DLL:      TCM.DLL V1.14.14.0
 
<h2>Project:</h2>
F:\Documents\Final Year\Individual Project\8Ballv4\mbed_example\mbed_example.uvprojx
Project File Date:  04/23/2018

<h2>Output:</h2>
*** Using Compiler 'V5.06 update 3 (build 300)', folder: 'C:\Keil_v5\ARM\ARMCC\Bin'
Build Project 'mbed_example' - Target 'NXP LPC4088'
compiling main.cpp...
F:\Documents\Final Year\Individual Project\8Ballv4\mbed_example\src\main.cpp(96): warning:  #177-D: variable "myword" was declared but never referenced
    char myword[] = { 'H', 'e', 'l', 'l', 'o', '\0' };
src\main.cpp: 1 warning, 0 errors
linking...
Program Size: Code=37556 RO-data=4428 RW-data=19988 ZI-data=2264  
".\Objects\mbed_example.axf" - 0 Error(s), 1 Warning(s).

<h2>Collection of Component include folders:</h2>
  F:\Documents\Final Year\Individual Project\8Ballv4\mbed_example\RTE
  C:\Keil_v5\ARM\PACK\Keil\LPC4000_DFP\2.0.0\Device\Include

<h2>Collection of Component Files used:</h2>
Build Time Elapsed:  00:00:02
</pre>
</body>
</html>
