<html>
<body>
<pre>
<h1>µVision Build Log</h1>
<h2>Tool Versions:</h2>
IDE-Version: µVision V5.21.1.0
Copyright (C) 2016 ARM Ltd and ARM Germany GmbH. All rights reserved.
License Information: Joel O'Halleron Northumbria University Flex license: MDK-ARM Professional: 50 user(s) (mdk_pro) Operation stops: 31 Jul 2018
 
Tool Versions:
Toolchain:       MDK-ARM Professional: 50 user(s)  Version: 5.21a
Toolchain Path:  C:\Keil_v5\ARM\ARMCC\Bin
C Compiler:      Armcc.exe V5.06 update 3 (build 300)
Assembler:       Armasm.exe V5.06 update 3 (build 300)
Linker/Locator:  ArmLink.exe V5.06 update 3 (build 300)
Library Manager: ArmAr.exe V5.06 update 3 (build 300)
Hex Converter:   FromElf.exe V5.06 update 3 (build 300)
CPU DLL:         SARMCM3.DLL V5.21a
Dialog DLL:      DCM.DLL V1.13.8.0
Target DLL:      CMSIS_AGDI.dll V1.26.5.0
Dialog DLL:      TCM.DLL V1.14.14.0
 
<h2>Project:</h2>
F:\Documents\Final Year\Individual Project\8Ballv4\mbed_example\mbed_example.uvprojx
Project File Date:  05/06/2018

<h2>Output:</h2>
*** Using Compiler 'V5.06 update 3 (build 300)', folder: 'C:\Keil_v5\ARM\ARMCC\Bin'
Build Project 'mbed_example' - Target 'NXP LPC4088'
compiling Matrix3x3.cpp...
compiling Vector.cpp...
compiling main.cpp...
compiling Ball.cpp...
F:\Documents\Final Year\Individual Project\8Ballv4\mbed_example\src\Ball.cpp(92): warning:  #1035-D: single-precision operand implicitly converted to double-precision
  	return (speed.getX() != 0.0 || speed.getZ() != 0.0);
F:\Documents\Final Year\Individual Project\8Ballv4\mbed_example\src\Ball.cpp(92): warning:  #1035-D: single-precision operand implicitly converted to double-precision
  	return (speed.getX() != 0.0 || speed.getZ() != 0.0);
F:\Documents\Final Year\Individual Project\8Ballv4\mbed_example\src\Ball.cpp(165): warning:  #550-D: variable "player" was set but never used
  	int player, p1 = 1, p2 = 9;
src\Ball.cpp: 3 warnings, 0 errors
compiling Physics.cpp...
F:\Documents\Final Year\Individual Project\8Ballv4\mbed_example\src\Physics.cpp(28): warning:  #177-D: variable "oldZ" was declared but never referenced
  		float oldZ;
F:\Documents\Final Year\Individual Project\8Ballv4\mbed_example\src\Physics.cpp(276): warning:  #111-D: statement is unreachable
  		break;
F:\Documents\Final Year\Individual Project\8Ballv4\mbed_example\src\Physics.cpp(356): warning:  #1035-D: single-precision operand implicitly converted to double-precision
  	v.setX(str * sin((angle) * 
_PI / 180.0));
F:\Documents\Final Year\Individual Project\8Ballv4\mbed_example\src\Physics.cpp(357): warning:  #1035-D: single-precision operand implicitly converted to double-precision
  	v.setZ(str * cos((angle) * 
_PI / 180.0));
src\Physics.cpp: 4 warnings, 0 errors
compiling Interface.cpp...
compiling Table.cpp...
F:\Documents\Final Year\Individual Project\8Ballv4\mbed_example\src\Table.cpp(59): warning:  #1035-D: single-precision operand implicitly converted to double-precision
  		if (z > 0.0)
F:\Documents\Final Year\Individual Project\8Ballv4\mbed_example\src\Table.cpp(65): warning:  #1035-D: single-precision operand implicitly converted to double-precision
  		if (z > 0.0)
F:\Documents\Final Year\Individual Project\8Ballv4\mbed_example\src\Table.cpp(71): warning:  #1035-D: single-precision operand implicitly converted to double-precision
  		if (z > 0.0)
src\Table.cpp: 3 warnings, 0 errors
compiling Game.cpp...
compiling Cue.cpp...
F:\Documents\Final Year\Individual Project\8Ballv4\mbed_example\src\Cue.cpp(27): warning:  #1035-D: single-precision operand implicitly converted to double-precision
  	v.setX(str * sin((angle) * 
_PI / 180.0));
F:\Documents\Final Year\Individual Project\8Ballv4\mbed_example\src\Cue.cpp(28): warning:  #1035-D: single-precision operand implicitly converted to double-precision
  	v.setZ(str * cos((angle) * 
_PI / 180.0));
F:\Documents\Final Year\Individual Project\8Ballv4\mbed_example\src\Cue.cpp(38): warning:  #940-D: missing return statement at end of non-void function "Cue::rotateCue"
  }
src\Cue.cpp: 3 warnings, 0 errors
linking...
Program Size: Code=46108 RO-data=4460 RW-data=19988 ZI-data=2264  
".\Objects\mbed_example.axf" - 0 Error(s), 13 Warning(s).

<h2>Collection of Component include folders:</h2>
  F:\Documents\Final Year\Individual Project\8Ballv4\mbed_example\RTE
  C:\Keil_v5\ARM\PACK\Keil\LPC4000_DFP\2.0.0\Device\Include

<h2>Collection of Component Files used:</h2>
Build Time Elapsed:  00:00:02
</pre>
</body>
</html>
