Component: ARM Compiler 5.06 update 3 (build 300) Tool: armlink [4d35c9]

==============================================================================

Section Cross References

    main.o(i._Z13jsPrsdAndRlsd7btnId_t) refers to assert.o(i.mbed_assert_internal) for mbed_assert_internal
    main.o(i._Z13jsPrsdAndRlsd7btnId_t) refers to main.o(.bss) for jsBtns
    main.o(i._Z13jsPrsdAndRlsd7btnId_t) refers to main.o(.conststring) for .conststring
    main.o(i._Z13jsPrsdAndRlsd7btnId_t) refers to main.o(.data) for savedState
    main.o(i._Z19swap_double_buffersv) refers to main.o(.data) for screen
    main.o(i._Z21init_double_bufferingv) refers to main.o(.data) for screen
    main.o(i._Z7accInitR7MMA7455) refers to mma7455.o(i._ZN7MMA74557setModeENS_4ModeE) for MMA7455::setMode(MMA7455::Mode)
    main.o(i._Z7accInitR7MMA7455) refers to mma7455.o(i._ZN7MMA74559calibrateEv) for MMA7455::calibrate()
    main.o(i.__sti___8_main_cpp_Eth) refers to ethernet.o(i._ZN4mbed8EthernetC1Ev) for mbed::Ethernet::Ethernet()
    main.o(i.__sti___8_main_cpp_Eth) refers to aeabi_atexit.o(.text) for __aeabi_atexit
    main.o(i.__sti___8_main_cpp_Eth) refers to display.o(i._ZN7Display10theDisplayEv) for Display::theDisplay()
    main.o(i.__sti___8_main_cpp_Eth) refers to game.o(i._ZN4GameC1EP7Display) for Game::Game(Display*)
    main.o(i.__sti___8_main_cpp_Eth) refers to rt_memclr_w.o(.text) for __aeabi_memclr4
    main.o(i.__sti___8_main_cpp_Eth) refers to gpio.o(i.gpio_init_out) for gpio_init_out
    main.o(i.__sti___8_main_cpp_Eth) refers to main.o(i._ZN4mbed9DigitalInC1E7PinName) for mbed::DigitalIn::DigitalIn(PinName)
    main.o(i.__sti___8_main_cpp_Eth) refers to analogin_api.o(i.analogin_init) for analogin_init
    main.o(i.__sti___8_main_cpp_Eth) refers to mma7455.o(i._ZN7MMA7455C1E7PinNameS0_) for MMA7455::MMA7455(PinName, PinName)
    main.o(i.__sti___8_main_cpp_Eth) refers to lm75b.o(i._ZN5LM75BC1E7PinNameS0_NS_7AddressEi) for LM75B::LM75B(PinName, PinName, LM75B::Address, int)
    main.o(i.__sti___8_main_cpp_Eth) refers to main.o(.data) for Eth
    main.o(i.__sti___8_main_cpp_Eth) refers to ethernet.o(i._ZN4mbed8EthernetD1Ev) for mbed::Ethernet::~Ethernet()
    main.o(i.__sti___8_main_cpp_Eth) refers to main.o(.bss) for game
    main.o(i.__sti___8_main_cpp_Eth) refers to main.o(i._ZN4GameD1Ev) for Game::~Game()
    main.o(i.main) refers to lm75b.o(i._ZN5LM75B4openEv) for LM75B::open()
    main.o(i.main) refers to main.o(i._Z21init_double_bufferingv) for init_double_buffering()
    main.o(i.main) refers to ethernet.o(i._ZN4mbed8Ethernet4linkEv) for mbed::Ethernet::link()
    main.o(i.main) refers to analogin_api.o(i.analogin_read) for analogin_read
    main.o(i.main) refers to main.o(i._Z13jsPrsdAndRlsd7btnId_t) for jsPrsdAndRlsd(btnId_t)
    main.o(i.main) refers to game.o(i._ZN4Game10processKeyE7btnId_t) for Game::processKey(btnId_t)
    main.o(i.main) refers to game.o(i._ZN4Game11setStrengthEf) for Game::setStrength(float)
    main.o(i.main) refers to game.o(i._ZN4Game4drawEv) for Game::draw()
    main.o(i.main) refers to game.o(i._ZN4Game4loopEv) for Game::loop()
    main.o(i.main) refers to ethernet.o(i._ZN4mbed8Ethernet5writeEPKci) for mbed::Ethernet::write(const char*, int)
    main.o(i.main) refers to ethernet.o(i._ZN4mbed8Ethernet4sendEv) for mbed::Ethernet::send()
    main.o(i.main) refers to ethernet.o(i._ZN4mbed8Ethernet7receiveEv) for mbed::Ethernet::receive()
    main.o(i.main) refers to ethernet.o(i._ZN4mbed8Ethernet4readEPci) for mbed::Ethernet::read(char*, int)
    main.o(i.main) refers to adafruit_gfx.o(i._ZN12Adafruit_GFX9setCursorEss) for Adafruit_GFX::setCursor(short, short)
    main.o(i.main) refers to stream.o(i._ZN4mbed6Stream6printfEPKcz) for mbed::Stream::printf(const char*, ...)
    main.o(i.main) refers to main.o(i._Z19swap_double_buffersv) for swap_double_buffers()
    main.o(i.main) refers to wait_api.o(i.wait) for wait
    main.o(i.main) refers to main.o(.bss) for lm75b
    main.o(i.main) refers to main.o(.data) for Eth
    main.o(.ARM.exidx) refers to main.o(i._Z21init_double_bufferingv) for i._Z21init_double_bufferingv
    main.o(.ARM.exidx) refers to main.o(i._Z19swap_double_buffersv) for i._Z19swap_double_buffersv
    main.o(.ARM.exidx) refers to main.o(i._Z13jsPrsdAndRlsd7btnId_t) for i._Z13jsPrsdAndRlsd7btnId_t
    main.o(.ARM.exidx) refers to main.o(i.main) for i.main
    main.o(.ARM.exidx) refers to main.o(i._Z7accInitR7MMA7455) for i._Z7accInitR7MMA7455
    main.o(.ARM.exidx) refers to main.o(i.__sti___8_main_cpp_Eth) for i.__sti___8_main_cpp_Eth
    main.o(.init_array) refers to main.o(i.__sti___8_main_cpp_Eth) for __sti___8_main_cpp_Eth
    main.o(.init_array) refers to init_aeabi.o(.text) for __cpp_initialize__aeabi_
    matrix3x3.o(i._ZN9Matrix3x39TransposeEv) refers to matrix3x3.o(i._ZN9Matrix3x3C1Efffffffff) for Matrix3x3::Matrix3x3(float, float, float, float, float, float, float, float, float)
[...]
    pwmout_period_ms                         0x0000a1f5   Thumb Code    22  pwmout_api.o(i.pwmout_period_ms)
    pwmout_period_us                         0x0000a20d   Thumb Code    64  pwmout_api.o(i.pwmout_period_us)
    pwmout_write                             0x0000a251   Thumb Code   100  pwmout_api.o(i.pwmout_write)
    serial_baud                              0x0000a32d   Thumb Code   320  serial_api.o(i.serial_baud)
    serial_format                            0x0000a471   Thumb Code   168  serial_api.o(i.serial_format)
    serial_init                              0x0000a56d   Thumb Code   378  serial_api.o(i.serial_init)
    serial_putc                              0x0000a719   Thumb Code    24  serial_api.o(i.serial_putc)
    serial_writable                          0x0000a731   Thumb Code    12  serial_api.o(i.serial_writable)
    ticker_irq_handler                       0x0000a73d   Thumb Code    90  ticker_api.o(i.ticker_irq_handler)
    us_ticker_clear_interrupt                0x0000a7f5   Thumb Code     8  us_ticker.o(i.us_ticker_clear_interrupt)
    us_ticker_disable_interrupt              0x0000a801   Thumb Code    14  us_ticker.o(i.us_ticker_disable_interrupt)
    us_ticker_init                           0x0000a815   Thumb Code    92  us_ticker.o(i.us_ticker_init)
    us_ticker_irq_handler                    0x0000a889   Thumb Code    10  us_ticker_api.o(i.us_ticker_irq_handler)
    us_ticker_read                           0x0000a899   Thumb Code    18  us_ticker.o(i.us_ticker_read)
    us_ticker_set_interrupt                  0x0000a8b5   Thumb Code    16  us_ticker.o(i.us_ticker_set_interrupt)
    wait                                     0x0000a8c9   Thumb Code    36  wait_api.o(i.wait)
    wait_ms                                  0x0000a8f1   Thumb Code    18  wait_api.o(i.wait_ms)
    wait_us                                  0x0000a903   Thumb Code    24  wait_api.o(i.wait_us)
    _get_lc_numeric                          0x0000a91d   Thumb Code    44  lc_numeric_c.o(locale$$code)
    _get_lc_ctype                            0x0000a949   Thumb Code    44  lc_ctype_c.o(locale$$code)
    __aeabi_dneg                             0x0000a975   Thumb Code     0  basic.o(x$fpl$basic)
    _dneg                                    0x0000a975   Thumb Code     6  basic.o(x$fpl$basic)
    __aeabi_fneg                             0x0000a97b   Thumb Code     0  basic.o(x$fpl$basic)
    _fneg                                    0x0000a97b   Thumb Code     6  basic.o(x$fpl$basic)
    _dabs                                    0x0000a981   Thumb Code     6  basic.o(x$fpl$basic)
    _fabs                                    0x0000a987   Thumb Code     6  basic.o(x$fpl$basic)
    __aeabi_d2f                              0x0000a98d   Thumb Code     0  d2f.o(x$fpl$d2f)
    _d2f                                     0x0000a98d   Thumb Code    98  d2f.o(x$fpl$d2f)
    __aeabi_dadd                             0x0000a9f1   Thumb Code     0  daddsub_clz.o(x$fpl$dadd)
    _dadd                                    0x0000a9f1   Thumb Code   332  daddsub_clz.o(x$fpl$dadd)
    __fpl_dcmp_Inf                           0x0000ab41   Thumb Code    24  dcmpi.o(x$fpl$dcmpinf)
    __aeabi_ddiv                             0x0000ab59   Thumb Code     0  ddiv.o(x$fpl$ddiv)
    _ddiv                                    0x0000ab59   Thumb Code   552  ddiv.o(x$fpl$ddiv)
    __aeabi_cdcmpeq                          0x0000ae09   Thumb Code     0  deqf.o(x$fpl$deqf)
    _dcmpeq                                  0x0000ae09   Thumb Code   120  deqf.o(x$fpl$deqf)
    __aeabi_d2iz                             0x0000ae81   Thumb Code     0  dfix.o(x$fpl$dfix)
    _dfix                                    0x0000ae81   Thumb Code    94  dfix.o(x$fpl$dfix)
    __aeabi_i2d                              0x0000aedf   Thumb Code     0  dflt_clz.o(x$fpl$dflt)
    _dflt                                    0x0000aedf   Thumb Code    46  dflt_clz.o(x$fpl$dflt)
    __aeabi_ui2d                             0x0000af0d   Thumb Code     0  dflt_clz.o(x$fpl$dfltu)
    _dfltu                                   0x0000af0d   Thumb Code    38  dflt_clz.o(x$fpl$dfltu)
    __aeabi_cdcmple                          0x0000af35   Thumb Code     0  dleqf.o(x$fpl$dleqf)
    _dcmple                                  0x0000af35   Thumb Code   120  dleqf.o(x$fpl$dleqf)
    __fpl_dcmple_InfNaN                      0x0000af97   Thumb Code     0  dleqf.o(x$fpl$dleqf)
    __aeabi_dmul                             0x0000afad   Thumb Code     0  dmul.o(x$fpl$dmul)
    _dmul                                    0x0000afad   Thumb Code   332  dmul.o(x$fpl$dmul)
    __fpl_dnaninf                            0x0000b101   Thumb Code   156  dnaninf.o(x$fpl$dnaninf)
    __fpl_dretinf                            0x0000b19d   Thumb Code    12  dretinf.o(x$fpl$dretinf)
    __aeabi_cdrcmple                         0x0000b1a9   Thumb Code     0  drleqf.o(x$fpl$drleqf)
    _drcmple                                 0x0000b1a9   Thumb Code   108  drleqf.o(x$fpl$drleqf)
    __aeabi_drsub                            0x0000b215   Thumb Code     0  daddsub_clz.o(x$fpl$drsb)
    _drsb                                    0x0000b215   Thumb Code    22  daddsub_clz.o(x$fpl$drsb)
    __aeabi_dsub                             0x0000b22d   Thumb Code     0  daddsub_clz.o(x$fpl$dsub)
    _dsub                                    0x0000b22d   Thumb Code   464  daddsub_clz.o(x$fpl$dsub)
    __aeabi_f2d                              0x0000b401   Thumb Code     0  f2d.o(x$fpl$f2d)
    _f2d                                     0x0000b401   Thumb Code    86  f2d.o(x$fpl$f2d)
    __fpl_fnaninf                            0x0000b457   Thumb Code   140  fnaninf.o(x$fpl$fnaninf)
    _fp_init                                 0x0000b4e3   Thumb Code    10  fpinit.o(x$fpl$fpinit)
    __fplib_config_fpu_vfp                   0x0000b4eb   Thumb Code     0  fpinit.o(x$fpl$fpinit)
    __fplib_config_pureend_doubles           0x0000b4eb   Thumb Code     0  fpinit.o(x$fpl$fpinit)
    __fpl_fretinf                            0x0000b4ed   Thumb Code    10  fretinf.o(x$fpl$fretinf)
    _printf_fp_dec                           0x0000b4f7   Thumb Code     4  printf1.o(x$fpl$printf1)
    _printf_fp_hex                           0x0000b4fb   Thumb Code     4  printf2.o(x$fpl$printf2)
    __I$use$fp                               0x0000b4fe   Number         0  usenofp.o(x$fpl$usenofp)
    __stdin_name                             0x0000ba67   Data           7  retarget.o(.constdata)
    __stdout_name                            0x0000ba6e   Data           8  retarget.o(.constdata)
    __stderr_name                            0x0000ba76   Data           8  retarget.o(.constdata)
    vtable for EaLcdBoard                    0x0000c0c4   Data          28  ealcdboard.o(.constdata__ZTV10EaLcdBoard)
    vtable for Adafruit_GFX                  0x0000c0e0   Data          44  adafruit_gfx.o(.constdata__ZTV12Adafruit_GFX)
    vtable for EaLcdBoardGPIO                0x0000c10c   Data          28  ealcdboardgpio.o(.constdata__ZTV14EaLcdBoardGPIO)
    vtable for Cue                           0x0000c128   Data          16  cue.o(.constdata__ZTV3Cue)
    vtable for GFXFb                         0x0000c138   Data          44  gfxfb.o(.constdata__ZTV5GFXFb)
    vtable for Display                       0x0000c164   Data         112  display.o(.constdata__ZTV7Display)
    vtable for mbed::FileHandle              0x0000c1d4   Data          44  retarget.o(.constdata__ZTVN4mbed10FileHandleE)
    vtable for mbed::Stream                  0x0000c200   Data          68  stream.o(.constdata__ZTVN4mbed6StreamE)
    vtable for mbed::Ethernet                0x0000c244   Data          16  ethernet.o(.constdata__ZTVN4mbed8EthernetE)
    vtable for mbed::FileBase                0x0000c254   Data          16  filebase.o(.constdata__ZTVN4mbed8FileBaseE)
    vtable for mbed::FileLike                0x0000c264   Data          60  filelike.o(.constdata__ZTVN4mbed8FileLikeE)
    Region$$Table$$Base                      0x0000c438   Number         0  anon$$obj.o(Region$$Table)
    Region$$Table$$Limit                     0x0000c458   Number         0  anon$$obj.o(Region$$Table)
    __ctype                                  0x0000c481   Data           0  lc_ctype_c.o(locale$$data)
    SHT$$INIT_ARRAY$$Base                    0x0000c584   Number         0  main.o(.init_array)
    SHT$$INIT_ARRAY$$Limit                   0x0000c588   Number         0  init_aeabi.o(.init_array)
    Eth                                      0x10003804   Data           4  main.o(.data)
    screen                                   0x10003808   Data           4  main.o(.data)
    pot                                      0x1000380c   Data           1  main.o(.data)
    potVal                                   0x10003810   Data           4  main.o(.data)
    tempVal                                  0x10003814   Data           4  main.o(.data)
    SystemCoreClock                          0x10003828   Data           4  system_lpc407x_8x_177x_8x.o(.data)
    PeripheralClock                          0x1000382c   Data           4  system_lpc407x_8x_177x_8x.o(.data)
    EMCClock                                 0x10003830   Data           4  system_lpc407x_8x_177x_8x.o(.data)
    USBClock                                 0x10003834   Data           4  system_lpc407x_8x_177x_8x.o(.data)
    mbed::I2C::_owner                        0x10003840   Data           4  i2c.o(.data)
    us_ticker_inited                         0x10003844   Data           4  us_ticker.o(.data)
    mbed::FileBase::_head                    0x10003884   Data           4  filebase.o(.data)
    stdio_uart_inited                        0x10003890   Data           4  serial_api.o(.data)
    stdio_uart                               0x10003894   Data           8  serial_api.o(.data)
    LcdController::_lcdControllerUsed        0x1000389c   Data           1  lcdcontroller.o(.data)
    __aeabi_stdin                            0x100038a0   Data           4  stdio_streams.o(.data)
    __aeabi_stdout                           0x100038a4   Data           4  stdio_streams.o(.data)
    __aeabi_stderr                           0x100038a8   Data           4  stdio_streams.o(.data)
    rxbuf                                    0x100038b0   Data        3072  ethernet_api.o(AHBSRAM1)
    txbuf                                    0x100044b0   Data        2304  ethernet_api.o(AHBSRAM1)
    rxdesc                                   0x10004db0   Data          32  ethernet_api.o(AHBSRAM1)
    rxstat                                   0x10004dd0   Data          32  ethernet_api.o(AHBSRAM1)
    txdesc                                   0x10004df0   Data          24  ethernet_api.o(AHBSRAM1)
    txstat                                   0x10004e08   Data          12  ethernet_api.o(AHBSRAM1)
    game                                     0x10004e18   Data         688  main.o(.bss)
    led1                                     0x100050c8   Data          24  main.o(.bss)
    acc                                      0x10005158   Data          24  main.o(.bss)
    accVal                                   0x10005170   Data          12  main.o(.bss)
    lm75b                                    0x1000517c   Data          12  main.o(.bss)
    __stdin                                  0x100055c8   Data          84  stdio_streams.o(.bss)
    __stdout                                 0x1000561c   Data          84  stdio_streams.o(.bss)
    __stderr                                 0x10005670   Data          84  stdio_streams.o(.bss)
    Image$$RW_IRAM1$$ZI$$Limit               0x100056ec   Number         0  anon$$obj.o ABSOLUTE



==============================================================================

Memory Map of the image

  Image Entry point : 0x000000e5

  Load Region LR_IROM1 (Base: 0x00000000, Size: 0x0001139c, Max: 0x00080000, ABSOLUTE, COMPRESSED[0x0000e038])

    Execution Region ER_IROM1 (Base: 0x00000000, Size: 0x0000c588, Max: 0x00080000, ABSOLUTE)

    Base Addr    Size         Type   Attr      Idx    E Section Name        Object

    0x00000000   0x000000e4   Data   RO         1732    RESET               startup_lpc407x_8x_177x_8x.o
    0x000000e4   0x00000008   Code   RO         5915  * !!!main             c_w.l(__main.o)
    0x000000ec   0x00000034   Code   RO         6774    !!!scatter          c_w.l(__scatter.o)
    0x00000120   0x0000005a   Code   RO         6772    !!dczerorl2         c_w.l(__dczerorl2.o)
    0x0000017a   0x00000002   PAD
    0x0000017c   0x0000001c   Code   RO         6776    !!handler_zi        c_w.l(__scatter_zi.o)
    0x00000198   0x00000000   Code   RO         5845    .ARM.Collect$$_printf_percent$$00000000  c_w.l(_printf_percent.o)
    0x00000198   0x00000006   Code   RO         6207    .ARM.Collect$$_printf_percent$$00000001  c_w.l(_printf_n.o)
    0x0000019e   0x00000006   Code   RO         5844    .ARM.Collect$$_printf_percent$$00000002  c_w.l(_printf_p.o)
    0x000001a4   0x00000006   Code   RO         6213    .ARM.Collect$$_printf_percent$$00000003  c_w.l(_printf_f.o)
    0x000001aa   0x00000006   Code   RO         6214    .ARM.Collect$$_printf_percent$$00000004  c_w.l(_printf_e.o)
    0x000001b0   0x00000006   Code   RO         6215    .ARM.Collect$$_printf_percent$$00000005  c_w.l(_printf_g.o)
    0x000001b6   0x00000006   Code   RO         6216    .ARM.Collect$$_printf_percent$$00000006  c_w.l(_printf_a.o)
    0x000001bc   0x0000000a   Code   RO         6221    .ARM.Collect$$_printf_percent$$00000007  c_w.l(_printf_ll.o)
    0x000001c6   0x00000006   Code   RO         6210    .ARM.Collect$$_printf_percent$$00000008  c_w.l(_printf_i.o)
    0x000001cc   0x00000006   Code   RO         6211    .ARM.Collect$$_printf_percent$$00000009  c_w.l(_printf_d.o)
    0x000001d2   0x00000006   Code   RO         6212    .ARM.Collect$$_printf_percent$$0000000A  c_w.l(_printf_u.o)
    0x000001d8   0x00000006   Code   RO         6209    .ARM.Collect$$_printf_percent$$0000000B  c_w.l(_printf_o.o)
    0x000001de   0x00000006   Code   RO         6208    .ARM.Collect$$_printf_percent$$0000000C  c_w.l(_printf_x.o)
    0x000001e4   0x00000006   Code   RO         6218    .ARM.Collect$$_printf_percent$$0000000D  c_w.l(_printf_lli.o)
    0x000001ea   0x00000006   Code   RO         6219    .ARM.Collect$$_printf_percent$$0000000E  c_w.l(_printf_lld.o)
    0x000001f0   0x00000006   Code   RO         6220    .ARM.Collect$$_printf_percent$$0000000F  c_w.l(_printf_llu.o)
    0x000001f6   0x00000006   Code   RO         6225    .ARM.Collect$$_printf_percent$$00000010  c_w.l(_printf_llo.o)
    0x000001fc   0x00000006   Code   RO         6226    .ARM.Collect$$_printf_percent$$00000011  c_w.l(_printf_llx.o)
    0x00000202   0x0000000a   Code   RO         6222    .ARM.Collect$$_printf_percent$$00000012  c_w.l(_printf_l.o)
    0x0000020c   0x00000006   Code   RO         6205    .ARM.Collect$$_printf_percent$$00000013  c_w.l(_printf_c.o)
    0x00000212   0x00000006   Code   RO         6206    .ARM.Collect$$_printf_percent$$00000014  c_w.l(_printf_s.o)
    0x00000218   0x00000006   Code   RO         6223    .ARM.Collect$$_printf_percent$$00000015  c_w.l(_printf_lc.o)
    0x0000021e   0x00000006   Code   RO         6224    .ARM.Collect$$_printf_percent$$00000016  c_w.l(_printf_ls.o)
    0x00000224   0x00000004   Code   RO         6217    .ARM.Collect$$_printf_percent$$00000017  c_w.l(_printf_percent_end.o)
    0x00000228   0x00000002   Code   RO         6668    .ARM.Collect$$libinit$$00000000  c_w.l(libinit.o)
    0x0000022a   0x00000004   Code   RO         6278    .ARM.Collect$$libinit$$00000001  c_w.l(libinit2.o)
    0x0000022e   0x00000000   Code   RO         6281    .ARM.Collect$$libinit$$00000004  c_w.l(libinit2.o)
    0x0000022e   0x00000008   Code   RO         6282    .ARM.Collect$$libinit$$00000005  c_w.l(libinit2.o)
    0x00000236   0x00000000   Code   RO         6284    .ARM.Collect$$libinit$$0000000A  c_w.l(libinit2.o)
    0x00000236   0x00000000   Code   RO         6286    .ARM.Collect$$libinit$$0000000C  c_w.l(libinit2.o)
    0x00000236   0x00000000   Code   RO         6288    .ARM.Collect$$libinit$$0000000E  c_w.l(libinit2.o)
    0x00000236   0x00000006   Code   RO         6289    .ARM.Collect$$libinit$$0000000F  c_w.l(libinit2.o)
    0x0000023c   0x00000000   Code   RO         6291    .ARM.Collect$$libinit$$00000011  c_w.l(libinit2.o)
    0x0000023c   0x0000000c   Code   RO         6292    .ARM.Collect$$libinit$$00000012  c_w.l(libinit2.o)
    0x00000248   0x00000000   Code   RO         6293    .ARM.Collect$$libinit$$00000013  c_w.l(libinit2.o)
    0x00000248   0x00000000   Code   RO         6295    .ARM.Collect$$libinit$$00000015  c_w.l(libinit2.o)
    0x00000248   0x0000000a   Code   RO         6296    .ARM.Collect$$libinit$$00000016  c_w.l(libinit2.o)
    0x00000252   0x00000000   Code   RO         6297    .ARM.Collect$$libinit$$00000017  c_w.l(libinit2.o)
    0x00000252   0x00000000   Code   RO         6299    .ARM.Collect$$libinit$$00000019  c_w.l(libinit2.o)
    0x00000252   0x00000000   Code   RO         6301    .ARM.Collect$$libinit$$0000001B  c_w.l(libinit2.o)
    0x00000252   0x00000000   Code   RO         6303    .ARM.Collect$$libinit$$0000001D  c_w.l(libinit2.o)
    0x00000252   0x00000000   Code   RO         6305    .ARM.Collect$$libinit$$0000001F  c_w.l(libinit2.o)
    0x00000252   0x00000000   Code   RO         6307    .ARM.Collect$$libinit$$00000021  c_w.l(libinit2.o)
    0x00000252   0x00000000   Code   RO         6309    .ARM.Collect$$libinit$$00000023  c_w.l(libinit2.o)
    0x00000252   0x00000004   Code   RO         6310    .ARM.Collect$$libinit$$00000024  c_w.l(libinit2.o)
    0x00000256   0x00000000   Code   RO         6311    .ARM.Collect$$libinit$$00000025  c_w.l(libinit2.o)
    0x00000256   0x00000000   Code   RO         6315    .ARM.Collect$$libinit$$0000002C  c_w.l(libinit2.o)
    0x00000256   0x00000000   Code   RO         6317    .ARM.Collect$$libinit$$0000002E  c_w.l(libinit2.o)
    0x00000256   0x00000000   Code   RO         6319    .ARM.Collect$$libinit$$00000030  c_w.l(libinit2.o)
    0x00000256   0x00000004   Code   RO         6320    .ARM.Collect$$libinit$$00000031  c_w.l(libinit2.o)
    0x0000025a   0x00000000   Code   RO         6321    .ARM.Collect$$libinit$$00000032  c_w.l(libinit2.o)
    0x0000025a   0x00000002   Code   RO         6322    .ARM.Collect$$libinit$$00000033  c_w.l(libinit2.o)
    0x0000025c   0x00000000   Code   RO         6541    .ARM.Collect$$libshutdown$$00000002  c_w.l(libshutdown2.o)
    0x0000025c   0x00000000   Code   RO         6543    .ARM.Collect$$libshutdown$$00000004  c_w.l(libshutdown2.o)
    0x0000025c   0x00000000   Code   RO         6138    .ARM.Collect$$rtentry$$00000000  c_w.l(__rtentry.o)
    0x0000025c   0x00000000   Code   RO         6433    .ARM.Collect$$rtentry$$00000002  c_w.l(__rtentry2.o)
    0x0000025c   0x00000006   Code   RO         6445    .ARM.Collect$$rtentry$$00000004  c_w.l(__rtentry4.o)
    0x00000262   0x00000000   Code   RO         6435    .ARM.Collect$$rtentry$$00000009  c_w.l(__rtentry2.o)
    0x00000262   0x00000004   Code   RO         6436    .ARM.Collect$$rtentry$$0000000A  c_w.l(__rtentry2.o)
    0x00000266   0x00000000   Code   RO         6438    .ARM.Collect$$rtentry$$0000000C  c_w.l(__rtentry2.o)
    0x00000266   0x00000008   Code   RO         6439    .ARM.Collect$$rtentry$$0000000D  c_w.l(__rtentry2.o)
    0x0000026e   0x00000002   PAD
    0x00000270   0x00000000   Code   RO         6456    .emb_text           c_w.l(maybetermalloc1.o)
    0x00000270   0x00000024   Code   RO         1734    .text               startup_lpc407x_8x_177x_8x.o
    0x00000294   0x0000005e   Code   RO         5735    .text               c_w.l(h1_alloc.o)
    0x000002f2   0x0000000a   Code   RO         5793    .text               c_w.l(vfprintf.o)
    0x000002fc   0x00000004   Code   RO         1733    .ARM.__at_0x02FC    startup_lpc407x_8x_177x_8x.o
    0x00000300   0x0000004e   Code   RO         5737    .text               c_w.l(h1_free.o)
    0x0000034e   0x0000000a   Code   RO         5795    .text               c_w.l(c89vfprintf.o)
    0x00000358   0x0000002c   Code   RO         5797    .text               c_w.l(__2sprintf.o)
    0x00000384   0x00000094   Code   RO         5821    .text               c_w.l(_printf_hex_int_ll_ptr.o)
    0x00000418   0x00000188   Code   RO         5841    .text               c_w.l(__printf_flags_ss_wp.o)
    0x000005a0   0x0000003c   Code   RO         5848    .text               c_w.l(__0sscanf.o)
    0x000005dc   0x0000014c   Code   RO         5850    .text               c_w.l(_scanf_int.o)
    0x00000728   0x00000064   Code   RO         5852    .text               c_w.l(fflush.o)
    0x0000078c   0x000000ec   Code   RO         5866    .text               c_w.l(fopen.o)
    0x00000878   0x00000014   Code   RO         5868    .text               c_w.l(setbuf.o)
    0x0000088c   0x0000004c   Code   RO         5876    .text               c_w.l(fclose.o)
    0x000008d8   0x0000002e   Code   RO         5891    .text               c_w.l(aeabi_atexit.o)
    0x00000906   0x0000003e   Code   RO         5894    .text               c_w.l(strlen.o)
    0x00000944   0x00000096   Code   RO         5896    .text               c_w.l(strncmp.o)
    0x000009da   0x0000008a   Code   RO         5898    .text               c_w.l(rt_memcpy_v6.o)
    0x00000a64   0x00000064   Code   RO         5900    .text               c_w.l(rt_memcpy_w.o)
    0x00000ac8   0x00000044   Code   RO         5902    .text               c_w.l(rt_memclr.o)
    0x00000b0c   0x0000004e   Code   RO         5904    .text               c_w.l(rt_memclr_w.o)
    0x00000b5a   0x00000002   PAD
    0x00000b5c   0x00000080   Code   RO         5908    .text               c_w.l(strcmpv7m.o)
    0x00000bdc   0x00000024   Code   RO         5920    .text               c_w.l(init_aeabi.o)
    0x00000c00   0x00000008   Code   RO         6139    .text               c_w.l(rt_heap_descriptor.o)
    0x00000c08   0x00000008   Code   RO         6144    .text               c_w.l(rt_new_handler_addr.o)
    0x00000c10   0x00000008   Code   RO         6149    .text               c_w.l(rt_ddtor_pointer_addr.o)
    0x00000c18   0x00000004   Code   RO         6154    .text               c_w.l(hguard.o)
    0x00000c1c   0x0000008a   Code   RO         6156    .text               c_w.l(init_alloc.o)
    0x00000ca6   0x0000000e   Code   RO         6160    .text               c_w.l(h1_init.o)
    0x00000cb4   0x00000016   Code   RO         6174    .text               c_w.l(_rserrno.o)
    0x00000cca   0x0000004e   Code   RO         6176    .text               c_w.l(_printf_pad.o)
    0x00000d18   0x00000024   Code   RO         6178    .text               c_w.l(_printf_truncate.o)
    0x00000d3c   0x00000052   Code   RO         6180    .text               c_w.l(_printf_str.o)
    0x00000d8e   0x000000b2   Code   RO         6182    .text               c_w.l(_printf_intcommon.o)
    0x00000e40   0x00000078   Code   RO         6184    .text               c_w.l(_printf_dec.o)
    0x00000eb8   0x00000028   Code   RO         6186    .text               c_w.l(_printf_charcount.o)
    0x00000ee0   0x00000030   Code   RO         6188    .text               c_w.l(_printf_char_common.o)
    0x00000f10   0x0000000a   Code   RO         6190    .text               c_w.l(_sputc.o)
    0x00000f1a   0x00000002   PAD
    0x00000f1c   0x00000024   Code   RO         6192    .text               c_w.l(_printf_char_file.o)
    0x00000f40   0x000000bc   Code   RO         6194    .text               c_w.l(_printf_wctomb.o)
    0x00000ffc   0x0000007c   Code   RO         6197    .text               c_w.l(_printf_longlong_dec.o)
    0x00001078   0x00000070   Code   RO         6203    .text               c_w.l(_printf_oct_int_ll.o)
    0x000010e8   0x0000001c   Code   RO         6227    .text               c_w.l(_chval.o)
    0x00001104   0x0000002c   Code   RO         6233    .text               c_w.l(scanf_char.o)
    0x00001130   0x00000040   Code   RO         6235    .text               c_w.l(_sgetc.o)
    0x00001170   0x00000008   Code   RO         6245    .text               c_w.l(ferror.o)
    0x00001178   0x000001d6   Code   RO         6249    .text               c_w.l(flsbuf.o)
    0x0000134e   0x00000002   PAD
    0x00001350   0x000000f8   Code   RO         6251    .text               c_w.l(fseek.o)
    0x00001448   0x00000046   Code   RO         6253    .text               c_w.l(setvbuf.o)
    0x0000148e   0x00000002   PAD
    0x00001490   0x000000f0   Code   RO         6255    .text               c_w.l(stdio.o)
    0x00001580   0x00000138   Code   RO         6258    .text               c_w.l(initio.o)
    0x000016b8   0x00000042   Code   RO         6266    .text               c_w.l(cxa_finalize.o)
    0x000016fa   0x0000000e   Code   RO         6269    .text               c_w.l(defsig_pvfn_outer.o)
    0x00001708   0x00000004   Code   RO         6330    .text               cpprt_w.l(arm_newhandler_noexceptions.o)
    0x0000170c   0x00000008   Code   RO         6449    .text               c_w.l(rt_errno_addr.o)
    0x00001714   0x00000034   Code   RO         6458    .text               c_w.l(h1_extend.o)
    0x00001748   0x0000008a   Code   RO         6462    .text               c_w.l(lludiv10.o)
    0x000017d2   0x00000012   Code   RO         6464    .text               c_w.l(isspace.o)
    0x000017e4   0x0000041a   Code   RO         6466    .text               c_w.l(_printf_fp_dec.o)
    0x00001bfe   0x00000002   PAD
    0x00001c00   0x000002fc   Code   RO         6468    .text               c_w.l(_printf_fp_hex.o)
    0x00001efc   0x0000002c   Code   RO         6473    .text               c_w.l(_printf_char.o)
    0x00001f28   0x0000002c   Code   RO         6477    .text               c_w.l(_printf_wchar.o)
    0x00001f54   0x00000374   Code   RO         6479    .text               c_w.l(_scanf.o)
    0x000022c8   0x00000042   Code   RO         6489    .text               c_w.l(ftell.o)
    0x0000230a   0x00000040   Code   RO         6515    .text               c_w.l(_wcrtomb.o)
    0x0000234a   0x0000000a   Code   RO         6517    .text               c_w.l(defsig_exit.o)
    0x00002354   0x0000000e   Code   RO         6519    .text               c_w.l(defsig_rtred_outer.o)
    0x00002362   0x0000000e   Code   RO         6523    .text               c_w.l(defsig_rtmem_outer.o)
    0x00002370   0x00000030   Code   RO         6527    .text               c_w.l(defsig_pvfn_inner.o)
    0x000023a0   0x00000008   Code   RO         6536    .text               c_w.l(heapauxmm.o)
    0x000023a8   0x0000001a   Code   RO         6576    .text               cpprt_w.l(arm_exceptions_terminate.o)
    0x000023c2   0x00000002   PAD
    0x000023c4   0x00000050   Code   RO         6579    .text               cpprt_w.l(arm_exceptions_globs.o)
    0x00002414   0x0000000c   Code   RO         6601    .text               c_w.l(sys_exit.o)
    0x00002420   0x00000010   Code   RO         6603    .text               c_w.l(rt_ctype_table.o)
    0x00002430   0x00000008   Code   RO         6605    .text               c_w.l(rt_locale.o)
    0x00002438   0x00000008   Code   RO         6610    .text               c_w.l(rt_eh_globals_addr.o)
    0x00002440   0x00000080   Code   RO         6617    .text               c_w.l(_printf_fp_infnan.o)
    0x000024c0   0x000000dc   Code   RO         6619    .text               c_w.l(bigflt0.o)
    0x0000259c   0x00000016   Code   RO         6649    .text               c_w.l(abort.o)
    0x000025b2   0x00000032   Code   RO         6653    .text               c_w.l(defsig_general.o)
    0x000025e4   0x00000034   Code   RO         6655    .text               c_w.l(defsig_rtred_inner.o)
    0x00002618   0x00000050   Code   RO         6657    .text               c_w.l(defsig_rtmem_inner.o)
    0x00002668   0x0000003c   Code   RO         6672    .text               cpprt_w.l(arm_exceptions_mem.o)
    0x000026a4   0x0000000e   Code   RO         6701    .text               c_w.l(sys_wrch.o)
    0x000026b2   0x00000002   Code   RO         6703    .text               c_w.l(use_no_semi.o)
    0x000026b4   0x00000000   Code   RO         6705    .text               c_w.l(indicate_semi.o)
    0x000026b4   0x0000000e   Code   RO         6719    .text               c_w.l(defsig_abrt_outer.o)
    0x000026c2   0x00000002   PAD
    0x000026c4   0x00000030   Code   RO         6733    .text               c_w.l(defsig_abrt_inner.o)
    0x000026f4   0x0000003e   Code   RO         6622    CL$$btod_d2e        c_w.l(btod.o)
    0x00002732   0x00000046   Code   RO         6624    CL$$btod_d2e_denorm_low  c_w.l(btod.o)
    0x00002778   0x00000060   Code   RO         6623    CL$$btod_d2e_norm_op1  c_w.l(btod.o)
    0x000027d8   0x00000338   Code   RO         6632    CL$$btod_div_common  c_w.l(btod.o)
    0x00002b10   0x000000c6   Code   RO         6629    CL$$btod_e2e        c_w.l(btod.o)
    0x00002bd6   0x00000028   Code   RO         6626    CL$$btod_ediv       c_w.l(btod.o)
    0x00002bfe   0x00000028   Code   RO         6625    CL$$btod_emul       c_w.l(btod.o)
    0x00002c26   0x00000244   Code   RO         6631    CL$$btod_mult_common  c_w.l(btod.o)
    0x00002e6a   0x00000010   Code   RO         4111    i.$Sub$$main        mbed.lib(retarget.o)
    0x00002e7a   0x00000002   PAD
    0x00002e7c   0x00000040   Code   RO         1743    i.NVIC_SetVector    cmsis_nvic.o
    0x00002ebc   0x000002d4   Code   RO         1798    i.SystemCoreClockUpdate  system_lpc407x_8x_177x_8x.o
    0x00003190   0x000000ec   Code   RO         1799    i.SystemInit        system_lpc407x_8x_177x_8x.o
    0x0000327c   0x000000fc   Code   RO         4800    i._Z10sdram_initv   ebb.lib(sdram.o)
    0x00003378   0x0000005c   Code   RO         4801    i._Z10sdram_testv   ebb.lib(sdram.o)
    0x000033d4   0x00000048   Code   RO         4802    i._Z11calibrationv  ebb.lib(sdram.o)
    0x0000341c   0x00000084   Code   RO         4803    i._Z11find_cmddlyv  ebb.lib(sdram.o)
    0x000034a0   0x00000020   Code   RO         4112    i._Z11init_serialv  mbed.lib(retarget.o)
    0x000034c0   0x00000028   Code   RO         4501    i._Z11str_to_uintPcj  ebb.lib(ealcdboard.o)
    0x000034e8   0x00000058   Code   RO         4804    i._Z13adjust_timingv  ebb.lib(sdram.o)
    0x00003540   0x00000084   Code   RO         4805    i._Z13find_fbclkdlyv  ebb.lib(sdram.o)
    0x000035c4   0x00000080   Code   RO            3    i._Z13jsPrsdAndRlsd7btnId_t  main.o
    0x00003644   0x0000002c   Code   RO            4    i._Z19swap_double_buffersv  main.o
    0x00003670   0x00000020   Code   RO            5    i._Z21init_double_bufferingv  main.o
    0x00003690   0x00000354   Code   RO         4807    i._Z9pinConfigv     ebb.lib(sdram.o)
    0x000039e4   0x0000000a   Code   RO         4502    i._Z9port_pin28PortNamei  ebb.lib(ealcdboard.o)
    0x000039ee   0x0000007e   Code   RO         4503    i._ZN10EaLcdBoard10eepromReadEPhtt  ebb.lib(ealcdboard.o)
    0x00003a6c   0x000000dc   Code   RO         4504    i._ZN10EaLcdBoard10execPinSetEPcj  ebb.lib(ealcdboard.o)
    0x00003b48   0x00000058   Code   RO         4505    i._ZN10EaLcdBoard10getInitSeqEPci  ebb.lib(ealcdboard.o)
    0x00003ba0   0x00000084   Code   RO         4507    i._ZN10EaLcdBoard11execSeqCtrlEPcj  ebb.lib(ealcdboard.o)
    0x00003c24   0x00000020   Code   RO         4508    i._ZN10EaLcdBoard11set5VSignalEb  ebb.lib(ealcdboard.o)
    0x00003c44   0x0000003e   Code   RO         4509    i._ZN10EaLcdBoard11setLsStatesEtPhh  ebb.lib(ealcdboard.o)
    0x00003c82   0x00000022   Code   RO         4510    i._ZN10EaLcdBoard12checkVersionEPcj  ebb.lib(ealcdboard.o)
    0x00003ca4   0x000000dc   Code   RO         4511    i._ZN10EaLcdBoard12getLcdConfigEPN13LcdController6ConfigE  ebb.lib(ealcdboard.o)
    0x00003d80   0x00000020   Code   RO         4512    i._ZN10EaLcdBoard12set3V3SignalEb  ebb.lib(ealcdboard.o)
    0x00003da0   0x00000044   Code   RO         4515    i._ZN10EaLcdBoard14setFrameBufferEj  ebb.lib(ealcdboard.o)
    0x00003de4   0x000000be   Code   RO         4517    i._ZN10EaLcdBoard15parseInitStringEPcPN13LcdController6ConfigE  ebb.lib(ealcdboard.o)
    0x00003ea2   0x0000002c   Code   RO         4518    i._ZN10EaLcdBoard15pca9532_setLedsEtt  ebb.lib(ealcdboard.o)
    0x00003ece   0x0000002e   Code   RO         4522    i._ZN10EaLcdBoard20setBacklightContrastEj  ebb.lib(ealcdboard.o)
    0x00003efc   0x00000036   Code   RO         4523    i._ZN10EaLcdBoard21pca9532_setBlink0DutyEh  ebb.lib(ealcdboard.o)
    0x00003f32   0x00000018   Code   RO         4524    i._ZN10EaLcdBoard21pca9532_setBlink0LedsEt  ebb.lib(ealcdboard.o)
    0x00003f4a   0x00000020   Code   RO         4525    i._ZN10EaLcdBoard22setDisplayEnableSignalEb  ebb.lib(ealcdboard.o)
    0x00003f6a   0x00000022   Code   RO         4526    i._ZN10EaLcdBoard23pca9532_setBlink0PeriodEh  ebb.lib(ealcdboard.o)
    0x00003f8c   0x0000004c   Code   RO         4527    i._ZN10EaLcdBoard4openEPN13LcdController6ConfigEPc  ebb.lib(ealcdboard.o)
    0x00003fd8   0x0000006c   Code   RO         4529    i._ZN10EaLcdBoard7setLedsEv  ebb.lib(ealcdboard.o)
    0x00004044   0x00000028   Code   RO         4530    i._ZN10EaLcdBoard8getStoreEPNS_7store_tE  ebb.lib(ealcdboard.o)
    0x0000406c   0x0000001e   Code   RO         4531    i._ZN10EaLcdBoard9execDelayEPcj  ebb.lib(ealcdboard.o)
    0x0000408a   0x00000002   PAD
    0x0000408c   0x00000044   Code   RO         4532    i._ZN10EaLcdBoardC1E7PinNameS0_  ebb.lib(ealcdboard.o)
    0x000040d0   0x00000040   Code   RO         2439    i._ZN12Adafruit_GFX10fillCircleEssst  ebb.lib(adafruit_gfx.o)
    0x00004110   0x00000006   Code   RO         2448    i._ZN12Adafruit_GFX12setTextColorEtt  ebb.lib(adafruit_gfx.o)
    0x00004116   0x0000002e   Code   RO         2450    i._ZN12Adafruit_GFX13drawFastVLineEssst  ebb.lib(adafruit_gfx.o)
    0x00004144   0x000000f6   Code   RO         2455    i._ZN12Adafruit_GFX16fillCircleHelperEssshst  ebb.lib(adafruit_gfx.o)
    0x0000423a   0x00000008   Code   RO         2456    i._ZN12Adafruit_GFX5widthEv  ebb.lib(adafruit_gfx.o)
    0x00004242   0x0000007a   Code   RO         2457    i._ZN12Adafruit_GFX5writeEh  ebb.lib(adafruit_gfx.o)
    0x000042bc   0x00000008   Code   RO         2458    i._ZN12Adafruit_GFX6heightEv  ebb.lib(adafruit_gfx.o)
    0x000042c4   0x00000104   Code   RO         2459    i._ZN12Adafruit_GFX8drawCharEsshtth  ebb.lib(adafruit_gfx.o)
    0x000043c8   0x000000dc   Code   RO         2460    i._ZN12Adafruit_GFX8drawLineEsssst  ebb.lib(adafruit_gfx.o)
    0x000044a4   0x00000036   Code   RO         2462    i._ZN12Adafruit_GFX8fillRectEsssst  ebb.lib(adafruit_gfx.o)
    0x000044da   0x00000006   Code   RO         2463    i._ZN12Adafruit_GFX9setCursorEss  ebb.lib(adafruit_gfx.o)
    0x000044e0   0x00000030   Code   RO         2464    i._ZN12Adafruit_GFXC2Ess  ebb.lib(adafruit_gfx.o)
    0x00004510   0x00000024   Code   RO         1590    i._ZN13ExpandedTimerC1Ev  game.o
    0x00004534   0x00000018   Code   RO         5614    i._ZN13LcdController14setFrameBufferEj  ebb.lib(lcdcontroller.o)
    0x0000454c   0x0000003c   Code   RO         5615    i._ZN13LcdController15getClockDivisorEi  ebb.lib(lcdcontroller.o)
    0x00004588   0x000001c0   Code   RO         5616    i._ZN13LcdController4initEPNS_6ConfigE  ebb.lib(lcdcontroller.o)
    0x00004748   0x00000048   Code   RO         5617    i._ZN13LcdController4openEPNS_6ConfigE  ebb.lib(lcdcontroller.o)
    0x00004790   0x00000060   Code   RO         3429    i._ZN13LcdController6ConfigC1EiiiiiiiibbbbiNS_12BitsPerPixelEiNS_8LcdPanelEb  ebb.lib(display.o)
    0x000047f0   0x00000044   Code   RO         5619    i._ZN13LcdController8setPowerEb  ebb.lib(lcdcontroller.o)
    0x00004834   0x0000015c   Code   RO         5620    i._ZN13LcdController9pinConfigEv  ebb.lib(lcdcontroller.o)
    0x00004990   0x00000006   Code   RO         5621    i._ZN13LcdControllerC1Ev  ebb.lib(lcdcontroller.o)
    0x00004996   0x00000020   Code   RO         4386    i._ZN14EaLcdBoardGPIO11set5VSignalEb  ebb.lib(ealcdboardgpio.o)
    0x000049b6   0x00000020   Code   RO         4387    i._ZN14EaLcdBoardGPIO12set3V3SignalEb  ebb.lib(ealcdboardgpio.o)
    0x000049d6   0x00000002   Code   RO         4388    i._ZN14EaLcdBoardGPIO15setWriteProtectEb  ebb.lib(ealcdboardgpio.o)
    0x000049d8   0x0000005c   Code   RO         4389    i._ZN14EaLcdBoardGPIO20setBacklightContrastEj  ebb.lib(ealcdboardgpio.o)
    0x00004a34   0x00000038   Code   RO         4390    i._ZN14EaLcdBoardGPIO22setDisplayEnableSignalEb  ebb.lib(ealcdboardgpio.o)
    0x00004a6c   0x0000009c   Code   RO         4391    i._ZN14EaLcdBoardGPIOC1E7PinNameS0_  ebb.lib(ealcdboardgpio.o)
    0x00004b08   0x00000010   Code   RO         1646    i._ZN3Cue11setPositionE6Vector  cue.o
    0x00004b18   0x00000006   Code   RO         1647    i._ZN3Cue11setStrengthEf  cue.o
    0x00004b1e   0x00000002   PAD
    0x00004b20   0x000001b0   Code   RO         1648    i._ZN3Cue4drawEP7DisplayP4Shot6Vector  cue.o
    0x00004cd0   0x00000006   Code   RO         1650    i._ZN3Cue8setAngleEf  cue.o
    0x00004cd6   0x00000002   PAD
    0x00004cd8   0x0000002c   Code   RO         1652    i._ZN3CueC1Ev       cue.o
    0x00004d04   0x00000002   Code   RO         1654    i._ZN3CueD1Ev       cue.o
    0x00004d06   0x00000002   PAD
    0x00004d08   0x0000001c   Code   RO          631    i._ZN4Ball10resetSpeedEv  ball.o
    0x00004d24   0x00000012   Code   RO          632    i._ZN4Ball11addPositionEP6Vector  ball.o
    0x00004d36   0x0000000a   Code   RO          633    i._ZN4Ball11getPositionEv  ball.o
    0x00004d40   0x0000001e   Code   RO          634    i._ZN4Ball11rotateSpeedEf  ball.o
    0x00004d5e   0x00000012   Code   RO          635    i._ZN4Ball11setPositionEP6Vector  ball.o
    0x00004d70   0x00000060   Code   RO          637    i._ZN4Ball11tradeXSpeedEPS_  ball.o
    0x00004dd0   0x00000034   Code   RO          639    i._ZN4Ball12addXPositionEf  ball.o
    0x00004e04   0x00000034   Code   RO          640    i._ZN4Ball12addYPositionEf  ball.o
    0x00004e38   0x0000000e   Code   RO          642    i._ZN4Ball12getXPositionEv  ball.o
    0x00004e46   0x0000000e   Code   RO          643    i._ZN4Ball12getZPositionEv  ball.o
    0x00004e54   0x0000001e   Code   RO          644    i._ZN4Ball12setXPositionEf  ball.o
    0x00004e72   0x0000001e   Code   RO          645    i._ZN4Ball12setYPositionEf  ball.o
    0x00004e90   0x00000034   Code   RO          646    i._ZN4Ball12subXPositionEf  ball.o
    0x00004ec4   0x00000034   Code   RO          647    i._ZN4Ball12subYPositionEf  ball.o
    0x00004ef8   0x00000024   Code   RO          648    i._ZN4Ball13blackPositionEv  ball.o
    0x00004f1c   0x0000001e   Code   RO          649    i._ZN4Ball13reverseXSpeedEv  ball.o
    0x00004f3a   0x0000001e   Code   RO          650    i._ZN4Ball13reverseZSpeedEv  ball.o
    0x00004f58   0x00000024   Code   RO          651    i._ZN4Ball13whitePositionEv  ball.o
    0x00004f7c   0x0000001e   Code   RO          652    i._ZN4Ball19calculateSpeedAngleEv  ball.o
    0x00004f9a   0x00000040   Code   RO          653    i._ZN4Ball4drawEP7Displayt  ball.o
    0x00004fda   0x00000006   Code   RO          654    i._ZN4Ball4killEv   ball.o
    0x00004fe0   0x00000006   Code   RO          655    i._ZN4Ball6inGameEv  ball.o
    0x00004fe6   0x0000000a   Code   RO          657    i._ZN4Ball8getSpeedEv  ball.o
    0x00004ff0   0x00000064   Code   RO          658    i._ZN4Ball8isMovingEv  ball.o
    0x00005054   0x00000012   Code   RO          659    i._ZN4Ball8setSpeedEP6Vector  ball.o
    0x00005066   0x00000006   Code   RO          661    i._ZN4Ball9getNumberEv  ball.o
    0x0000506c   0x0000000e   Code   RO          662    i._ZN4Ball9getXSpeedEv  ball.o
    0x0000507a   0x0000000e   Code   RO          663    i._ZN4Ball9getYSpeedEv  ball.o
    0x00005088   0x00000006   Code   RO          664    i._ZN4Ball9putInGameEv  ball.o
    0x0000508e   0x0000001e   Code   RO         1596    i._ZN4BallC1Ev      game.o
    0x000050ac   0x000000fc   Code   RO         1417    i._ZN4Game10processEndEv  game.o
    0x000051a8   0x0000001c   Code   RO         1418    i._ZN4Game10processKeyE7btnId_t  game.o
    0x000051c4   0x0000002e   Code   RO         1419    i._ZN4Game10updateShotEv  game.o
    0x000051f2   0x0000001c   Code   RO         1420    i._ZN4Game11executeShotEv  game.o
    0x0000520e   0x00000040   Code   RO         1421    i._ZN4Game11illegalMoveEi  game.o
    0x0000524e   0x0000001c   Code   RO         1422    i._ZN4Game11setStrengthEf  game.o
    0x0000526a   0x00000002   PAD
    0x0000526c   0x000000b8   Code   RO         1423    i._ZN4Game12applyPhysicsEv  game.o
    0x00005324   0x0000001c   Code   RO         1424    i._ZN4Game12checkCueBallEv  game.o
    0x00005340   0x00000098   Code   RO         1425    i._ZN4Game12setDirectionE7btnId_t  game.o
    0x000053d8   0x00000014   Code   RO         1426    i._ZN4Game13drawSelectionEv  game.o
    0x000053ec   0x00000072   Code   RO         1427    i._ZN4Game14initializeGameEv  game.o
    0x0000545e   0x00000064   Code   RO         1428    i._ZN4Game14killPlayerBallEi  game.o
    0x000054c2   0x00000018   Code   RO         1429    i._ZN4Game14processEndGameEi  game.o
    0x000054da   0x00000002   PAD
    0x000054dc   0x00000064   Code   RO         1430    i._ZN4Game14respawnCueBallEv  game.o
    0x00005540   0x0000003c   Code   RO         1431    i._ZN4Game15updateBallCountEv  game.o
    0x0000557c   0x000000b2   Code   RO         1432    i._ZN4Game16physicsInterfaceEv  game.o
    0x0000562e   0x00000038   Code   RO         1433    i._ZN4Game4drawEv   game.o
    0x00005666   0x0000002c   Code   RO         1434    i._ZN4Game4loopEv   game.o
    0x00005692   0x0000000e   Code   RO         1435    i._ZN4Game5op_idEi  game.o
    0x000056a0   0x00000032   Code   RO         1436    i._ZN4Game6isOverEv  game.o
    0x000056d2   0x00000014   Code   RO         1437    i._ZN4Game8drawShotEv  game.o
    0x000056e6   0x0000005a   Code   RO         1438    i._ZN4Game9turnEndedEv  game.o
    0x00005740   0x000000f0   Code   RO         1439    i._ZN4GameC1EP7Display  game.o
    0x00005830   0x0000001e   Code   RO           57    i._ZN4GameD1Ev      main.o
    0x0000584e   0x00000006   Code   RO         1352    i._ZN4Shot6getStrEv  shot.o
    0x00005854   0x00000006   Code   RO         1353    i._ZN4Shot6setStrEf  shot.o
    0x0000585a   0x00000002   PAD
    0x0000585c   0x00000050   Code   RO         1355    i._ZN4Shot8addAngleEf  shot.o
    0x000058ac   0x00000006   Code   RO         1356    i._ZN4Shot8getAngleEv  shot.o
    0x000058b2   0x00000006   Code   RO         1357    i._ZN4Shot8setAngleEf  shot.o
    0x000058b8   0x0000001c   Code   RO         1358    i._ZN4ShotC1Ev      shot.o
    0x000058d4   0x0000001a   Code   RO         4440    i._ZN4mbed10DigitalOutC1E7PinName  ebb.lib(ealcdboardgpio.o)
    0x000058ee   0x00000002   PAD
    0x000058f0   0x0000005c   Code   RO         4434    i._ZN4mbed10DigitalOutaSEi  ebb.lib(ealcdboardgpio.o)
    0x0000594c   0x0000003a   Code   RO         3736    i._ZN4mbed10FileHandle4flenEv  mbed.lib(filelike.o)
    0x00005986   0x0000000e   Code   RO         4115    i._ZN4mbed26mbed_set_unbuffered_streamEPSt6__FILE  mbed.lib(retarget.o)
    0x00005994   0x0000003a   Code   RO         3770    i._ZN4mbed3I2C4readEiPcib  mbed.lib(i2c.o)
    0x000059ce   0x0000003a   Code   RO         3774    i._ZN4mbed3I2C5writeEiPKcib  mbed.lib(i2c.o)
    0x00005a08   0x00000020   Code   RO         3775    i._ZN4mbed3I2C6aquireEv  mbed.lib(i2c.o)
    0x00005a28   0x0000001c   Code   RO         3776    i._ZN4mbed3I2C9frequencyEi  mbed.lib(i2c.o)
    0x00005a44   0x0000002c   Code   RO         3777    i._ZN4mbed3I2CC1E7PinNameS1_  mbed.lib(i2c.o)
    0x00005a70   0x00000006   Code   RO         2238    i._ZN4mbed6Stream4flenEv  mbed.lib(stream.o)
    0x00005a76   0x00000006   Code   RO         2244    i._ZN4mbed6Stream5closeEv  mbed.lib(stream.o)
    0x00005a7c   0x00000006   Code   RO         2246    i._ZN4mbed6Stream5lseekEli  mbed.lib(stream.o)
    0x00005a82   0x00000030   Code   RO         2248    i._ZN4mbed6Stream5writeEPKvj  mbed.lib(stream.o)
    0x00005ab2   0x00000006   Code   RO         2249    i._ZN4mbed6Stream6isattyEv  mbed.lib(stream.o)
    0x00005ab8   0x00000028   Code   RO         2250    i._ZN4mbed6Stream6printfEPKcz  mbed.lib(stream.o)
    0x00005ae0   0x00000048   Code   RO         2251    i._ZN4mbed6StreamC2EPKc  mbed.lib(stream.o)
    0x00005b28   0x0000000a   Code   RO         2095    i._ZN4mbed8Ethernet4linkEv  mbed.lib(ethernet.o)
    0x00005b32   0x00000012   Code   RO         2096    i._ZN4mbed8Ethernet4readEPci  mbed.lib(ethernet.o)
    0x00005b44   0x0000000a   Code   RO         2097    i._ZN4mbed8Ethernet4sendEv  mbed.lib(ethernet.o)
    0x00005b4e   0x00000012   Code   RO         2098    i._ZN4mbed8Ethernet5writeEPKci  mbed.lib(ethernet.o)
    0x00005b60   0x0000000a   Code   RO         2100    i._ZN4mbed8Ethernet7receiveEv  mbed.lib(ethernet.o)
    0x00005b6a   0x00000002   PAD
    0x00005b6c   0x00000014   Code   RO         2102    i._ZN4mbed8EthernetC1Ev  mbed.lib(ethernet.o)
    0x00005b80   0x00000014   Code   RO         2104    i._ZN4mbed8EthernetD1Ev  mbed.lib(ethernet.o)
    0x00005b94   0x00000006   Code   RO         4916    i._ZN4mbed8FileBase11getPathTypeEv  mbed.lib(filebase.o)
    0x00005b9a   0x00000002   PAD
    0x00005b9c   0x00000038   Code   RO         4918    i._ZN4mbed8FileBase6lookupEPKcj  mbed.lib(filebase.o)
    0x00005bd4   0x00000028   Code   RO         4920    i._ZN4mbed8FileBaseC1EPKcNS_8PathTypeE  mbed.lib(filebase.o)
    0x00005bfc   0x0000002c   Code   RO         3704    i._ZN4mbed8FileLikeC2EPKc  mbed.lib(filelike.o)
    0x00005c28   0x00000014   Code   RO         4981    i._ZN4mbed8FilePath10fileSystemEv  mbed.lib(filepath.o)
    0x00005c3c   0x0000001c   Code   RO         4982    i._ZN4mbed8FilePath12isFileSystemEv  mbed.lib(filepath.o)
    0x00005c58   0x0000001e   Code   RO         4983    i._ZN4mbed8FilePath4fileEv  mbed.lib(filepath.o)
    0x00005c76   0x0000000e   Code   RO         4984    i._ZN4mbed8FilePath6existsEv  mbed.lib(filepath.o)
    0x00005c84   0x0000001c   Code   RO         4985    i._ZN4mbed8FilePath6isFileEv  mbed.lib(filepath.o)
    0x00005ca0   0x00000006   Code   RO         4986    i._ZN4mbed8FilePath8fileNameEv  mbed.lib(filepath.o)
    0x00005ca6   0x00000056   Code   RO         4987    i._ZN4mbed8FilePathC1EPKc  mbed.lib(filepath.o)
    0x00005cfc   0x0000001a   Code   RO           60    i._ZN4mbed9DigitalInC1E7PinName  main.o
    0x00005d16   0x00000026   Code   RO         4730    i._ZN5GFXFb10fillScreenEt  ebb.lib(gfxfb.o)
    0x00005d3c   0x00000068   Code   RO         4733    i._ZN5GFXFb13drawFastVLineEssst  ebb.lib(gfxfb.o)
    0x00005da4   0x00000046   Code   RO         4736    i._ZN5GFXFb9drawPixelEsst  ebb.lib(gfxfb.o)
    0x00005dea   0x00000002   PAD
    0x00005dec   0x00000028   Code   RO         4737    i._ZN5GFXFbC1EttPt  ebb.lib(gfxfb.o)
    0x00005e14   0x0000001e   Code   RO         3097    i._ZN5LM75B4openEv  ebb.lib(lm75b.o)
    0x00005e32   0x0000002c   Code   RO         3111    i._ZN5LM75BC1E7PinNameS0_NS_7AddressEi  ebb.lib(lm75b.o)
    0x00005e5e   0x00000002   PAD
    0x00005e60   0x000000cc   Code   RO         1304    i._ZN5Table11nearestHoleE6Vector  table.o
    0x00005f2c   0x0000000e   Code   RO         1305    i._ZN5Table13getHoleCenterEi  table.o
    0x00005f3a   0x00000168   Code   RO         1306    i._ZN5Table4drawEP7Display  table.o
    0x000060a2   0x00000002   PAD
    0x000060a4   0x000000b0   Code   RO         1307    i._ZN5Table8holeAreaE6Vector  table.o
    0x00006154   0x00000084   Code   RO         1308    i._ZN5TableC1Ev     table.o
    0x000061d8   0x0000000c   Code   RO         1441    i._ZN6PlayerC1Eii   game.o
    0x000061e4   0x00000010   Code   RO         1442    i._ZN6PlayerC1Ev    game.o
    0x000061f4   0x0000002e   Code   RO          508    i._ZN6Vector11sqrDistanceEPS_  vector.o
    0x00006222   0x00000044   Code   RO          509    i._ZN6Vector13terminalPointEPS_  vector.o
    0x00006266   0x0000005a   Code   RO          510    i._ZN6Vector14calculateAngleEPS_  vector.o
    0x000062c0   0x0000005e   Code   RO          511    i._ZN6Vector14vectorRotationEf  vector.o
    0x0000631e   0x00000006   Code   RO          512    i._ZN6Vector4getXEv  vector.o
    0x00006324   0x00000006   Code   RO          513    i._ZN6Vector4getZEv  vector.o
    0x0000632a   0x00000006   Code   RO          514    i._ZN6Vector4setXEf  vector.o
    0x00006330   0x00000006   Code   RO          515    i._ZN6Vector4setZEf  vector.o
    0x00006336   0x00000022   Code   RO          516    i._ZN6Vector9addVectorEPS_  vector.o
    0x00006358   0x00000022   Code   RO          517    i._ZN6Vector9mulVectorEPS_  vector.o
    0x0000637a   0x0000001a   Code   RO          518    i._ZN6Vector9setVectorEPS_  vector.o
    0x00006394   0x0000000a   Code   RO          519    i._ZN6Vector9setVectorEff  vector.o
    0x0000639e   0x00000022   Code   RO          520    i._ZN6Vector9subVectorEPS_  vector.o
    0x000063c0   0x0000000a   Code   RO          521    i._ZN6VectorC1Eff   vector.o
    0x000063ca   0x00000002   PAD
    0x000063cc   0x00000018   Code   RO          522    i._ZN6VectorC1Ev    vector.o
    0x000063e4   0x0000003c   Code   RO         3372    i._ZN7Display10theDisplayEv  ebb.lib(display.o)
    0x00006420   0x00000014   Code   RO         3374    i._ZN7Display5_putcEi  ebb.lib(display.o)
    0x00006434   0x00000150   Code   RO         3376    i._ZN7DisplayC1Ev   ebb.lib(display.o)
    0x00006584   0x00000024   Code   RO         2882    i._ZN7MMA7455C1E7PinNameS0_  ebb.lib(mma7455.o)
    0x000065a8   0x00000040   Code   RO          970    i._ZN7Physics10energyLossEP4Ball  physics.o
    0x000065e8   0x00000124   Code   RO          971    i._ZN7Physics10hitCueBallEP4BallP4Shot  physics.o
    0x0000670c   0x00000020   Code   RO          972    i._ZN7Physics11insertIndexEPiiii  physics.o
    0x0000672c   0x0000000e   Code   RO          973    i._ZN7Physics12getCollisionEv  physics.o
    0x0000673a   0x00000084   Code   RO          974    i._ZN7Physics13ballCollisionEP4BallS1_  physics.o
    0x000067be   0x0000000e   Code   RO          975    i._ZN7Physics13hasCollisionsEv  physics.o
    0x000067cc   0x0000004a   Code   RO          976    i._ZN7Physics14insertDistanceEPfif  physics.o
    0x00006816   0x00000060   Code   RO          977    i._ZN7Physics14tableCollisionEP5TableP4Ball  physics.o
    0x00006876   0x00000068   Code   RO          978    i._ZN7Physics16fixBallCollisionEP4BallS1_  physics.o
    0x000068de   0x000000fe   Code   RO          979    i._ZN7Physics16respawnCollisionEP5TableP9BallArrayb  physics.o
    0x000069dc   0x00000058   Code   RO          980    i._ZN7Physics17fixTableCollisionEP4Ball  physics.o
    0x00006a34   0x00000098   Code   RO          981    i._ZN7Physics17getCollisionOrderEP9BallArrayi  physics.o
    0x00006acc   0x0000007a   Code   RO          982    i._ZN7Physics17holeAreaCollisionEP5TableP4Ball  physics.o
    0x00006b46   0x00000002   PAD
    0x00006b48   0x00000070   Code   RO          983    i._ZN7Physics18checkBallCollisionEP4BallS1_Pf  physics.o
    0x00006bb8   0x0000006c   Code   RO          984    i._ZN7Physics18checkHoleCollisionEP5TableP4Balli  physics.o
    0x00006c24   0x000000f0   Code   RO          985    i._ZN7Physics19checkTableCollisionEP5TableP4Ball  physics.o
    0x00006d14   0x000000bc   Code   RO          986    i._ZN7Physics8FrictionEP4Ball  physics.o
    0x00006dd0   0x0000002c   Code   RO          987    i._ZN7Physics8movementEP4Ball  physics.o
    0x00006dfc   0x00000014   Code   RO          988    i._ZN7PhysicsC1Ev   physics.o
    0x00006e10   0x0000000e   Code   RO          989    i._ZN7PhysicsD1Ev   physics.o
    0x00006e1e   0x0000002a   Code   RO          666    i._ZN9BallArray16getWhitePositionEv  ball.o
    0x00006e48   0x0000028c   Code   RO          667    i._ZN9BallArray19initializeBallArrayEi  ball.o
    0x000070d4   0x0000000c   Code   RO          668    i._ZN9BallArray7getBallEi  ball.o
    0x000070e0   0x00000008   Code   RO          669    i._ZN9BallArray7getSizeEv  ball.o
    0x000070e8   0x00000018   Code   RO         1587    i._ZN9BallArrayC1Ev  game.o
    0x00007100   0x0000004c   Code   RO         1117    i._ZN9Interface10playerTurnEi  interface.o
    0x0000714c   0x00000004   Code   RO         1118    i._ZN9Interface10setCueBallEP4Ball  interface.o
    0x00007150   0x00000004   Code   RO         1119    i._ZN9Interface12setBlackBallEP4Ball  interface.o
    0x00007154   0x00000004   Code   RO         1120    i._ZN9Interface13setBallsArrayEP9BallArray  interface.o
    0x00007158   0x000000e0   Code   RO         1121    i._ZN9Interface15drawIllegalMoveEi  interface.o
    0x00007238   0x0000004c   Code   RO         1122    i._ZN9Interface16drawShotStrengthEf  interface.o
    0x00007284   0x00000026   Code   RO         1123    i._ZN9Interface4initEv  interface.o
    0x000072aa   0x00000072   Code   RO         1124    i._ZN9Interface7drawCueEP4Shotb  interface.o
    0x0000731c   0x00000004   Code   RO         1125    i._ZN9Interface8setTableEP5Table  interface.o
    0x00007320   0x00000070   Code   RO         1126    i._ZN9Interface9drawBallsEv  interface.o
    0x00007390   0x0000000e   Code   RO         1127    i._ZN9Interface9drawTableEv  interface.o
    0x0000739e   0x00000002   PAD
    0x000073a0   0x00000090   Code   RO         1128    i._ZN9Interface9playerWonEi  interface.o
    0x00007430   0x00000014   Code   RO         1129    i._ZN9InterfaceC1EP7Display  interface.o
    0x00007444   0x00000010   Code   RO         1130    i._ZN9InterfaceC1Ev  interface.o
    0x00007454   0x00000010   Code   RO         1131    i._ZN9InterfaceD1Ev  interface.o
    0x00007464   0x00000018   Code   RO          607    i._ZSt3cosf         vector.o
    0x0000747c   0x00000018   Code   RO          601    i._ZSt3sinf         vector.o
    0x00007494   0x00000028   Code   RO         5926    i._Znwj             cpprt_w.l(new.o)
    0x000074bc   0x00000030   Code   RO         6597    i.__ARM_fpclassify  m_wm.l(fpclassify.o)
    0x000074ec   0x00000026   Code   RO         6399    i.__ARM_fpclassifyf  m_wm.l(fpclassifyf.o)
    0x00007512   0x00000024   Code   RO         6045    i.__aeabi_vec_ctor_nocookie_nodtor  cpprt_w.l(aeabi_vec_ctor_nocookie_nodtor.o)
    0x00007536   0x00000010   Code   RO         5933    i.__cxa_guard_acquire  cpprt_w.l(cxa_guard_acquire.o)
    0x00007546   0x00000006   Code   RO         5930    i.__cxa_pure_virtual  cpprt_w.l(pure_virt.o)
    0x0000754c   0x00000250   Code   RO         6076    i.__hardfp_atan2f   m_wm.l(atan2f.o)
    0x0000779c   0x00000004   PAD
    0x000077a0   0x000000c8   Code   RO         6088    i.__hardfp_cos      m_wm.l(cos.o)
    0x00007868   0x00000150   Code   RO         6100    i.__hardfp_cosf     m_wm.l(cosf.o)
    0x000079b8   0x000000c8   Code   RO         6112    i.__hardfp_sin      m_wm.l(sin.o)
    0x00007a80   0x00000190   Code   RO         6124    i.__hardfp_sinf     m_wm.l(sinf.o)
    0x00007c10   0x00000438   Code   RO         6415    i.__ieee754_rem_pio2  m_wm.l(rred.o)
    0x00008048   0x00000170   Code   RO         6382    i.__kernel_cos      m_wm.l(cos_i.o)
    0x000081b8   0x000000f8   Code   RO         6599    i.__kernel_poly     m_wm.l(poly.o)
    0x000082b0   0x00000130   Code   RO         6423    i.__kernel_sin      m_wm.l(sin_i.o)
    0x000083e0   0x00000014   Code   RO         6386    i.__mathlib_dbl_infnan  m_wm.l(dunder.o)
    0x000083f4   0x00000004   PAD
    0x000083f8   0x00000020   Code   RO         6388    i.__mathlib_dbl_invalid  m_wm.l(dunder.o)
    0x00008418   0x00000020   Code   RO         6391    i.__mathlib_dbl_underflow  m_wm.l(dunder.o)
    0x00008438   0x00000006   Code   RO         6402    i.__mathlib_flt_infnan  m_wm.l(funder.o)
    0x0000843e   0x00000006   Code   RO         6403    i.__mathlib_flt_infnan2  m_wm.l(funder.o)
    0x00008444   0x00000010   Code   RO         6404    i.__mathlib_flt_invalid  m_wm.l(funder.o)
    0x00008454   0x00000010   Code   RO         6407    i.__mathlib_flt_underflow  m_wm.l(funder.o)
    0x00008464   0x00000154   Code   RO         6420    i.__mathlib_rredf2  m_wm.l(rredf.o)
    0x000085b8   0x00000006   Code   RO         4808    i.__reserved_stack_size  ebb.lib(sdram.o)
    0x000085be   0x00000002   PAD
    0x000085c0   0x00000044   Code   RO         4809    i.__rt_heap_extend  ebb.lib(sdram.o)
    0x00008604   0x000000d0   Code   RO            7    i.__sti___8_main_cpp_Eth  main.o
    0x000086d4   0x00000030   Code   RO         1834    i.__user_setup_stackheap  sys.o
    0x00008704   0x00000026   Code   RO         1896    i._gpio_init_in     mbed.lib(gpio.o)
    0x0000872a   0x00000034   Code   RO         1897    i._gpio_init_out    mbed.lib(gpio.o)
    0x0000875e   0x0000000e   Code   RO         5834    i._is_digit         c_w.l(__printf_wp.o)
    0x0000876c   0x00000030   Code   RO         4118    i._sys_close        mbed.lib(retarget.o)
    0x0000879c   0x0000002c   Code   RO         4121    i._sys_flen         mbed.lib(retarget.o)
    0x000087c8   0x0000002c   Code   RO         4122    i._sys_istty        mbed.lib(retarget.o)
    0x000087f4   0x00000130   Code   RO         4123    i._sys_open         mbed.lib(retarget.o)
    0x00008924   0x00000030   Code   RO         4125    i._sys_seek         mbed.lib(retarget.o)
    0x00008954   0x00000064   Code   RO         4126    i._sys_write        mbed.lib(retarget.o)
    0x000089b8   0x00000050   Code   RO         2381    i.adc_read          mbed.lib(analogin_api.o)
    0x00008a08   0x0000003a   Code   RO         2382    i.adc_read_u32      mbed.lib(analogin_api.o)
    0x00008a42   0x00000002   PAD
    0x00008a44   0x000000ac   Code   RO         2383    i.analogin_init     mbed.lib(analogin_api.o)
    0x00008af0   0x00000028   Code   RO         2384    i.analogin_read     mbed.lib(analogin_api.o)
    0x00008b18   0x00000014   Code   RO         2003    i.clock             mbed.lib(rtc_time.o)
    0x00008b2c   0x00000118   Code   RO         3984    i.clockselect       mbed.lib(ethernet_api.o)
    0x00008c44   0x00000020   Code   RO         3617    i.error             mbed.lib(error.o)
    0x00008c64   0x0000000c   Code   RO         3985    i.ethernet_address  mbed.lib(ethernet_api.o)
    0x00008c70   0x000000c0   Code   RO         3986    i.ethernet_free     mbed.lib(ethernet_api.o)
    0x00008d30   0x00000308   Code   RO         3987    i.ethernet_init     mbed.lib(ethernet_api.o)
    0x00009038   0x0000002c   Code   RO         3988    i.ethernet_link     mbed.lib(ethernet_api.o)
    0x00009064   0x000000f8   Code   RO         3989    i.ethernet_read     mbed.lib(ethernet_api.o)
    0x0000915c   0x000000cc   Code   RO         3990    i.ethernet_receive  mbed.lib(ethernet_api.o)
    0x00009228   0x0000005c   Code   RO         3991    i.ethernet_send     mbed.lib(ethernet_api.o)
    0x00009284   0x00000128   Code   RO         3992    i.ethernet_set_link  mbed.lib(ethernet_api.o)
    0x000093ac   0x000000e8   Code   RO         3993    i.ethernet_write    mbed.lib(ethernet_api.o)
    0x00009494   0x00000020   Code   RO         4128    i.exit              mbed.lib(retarget.o)
    0x000094b4   0x00000018   Code   RO         6593    i.fabs              m_wm.l(fabs.o)
    0x000094cc   0x00000050   Code   RO         1800    i.fpu_init          system_lpc407x_8x_177x_8x.o
    0x0000951c   0x0000001a   Code   RO         5861    i.fputc             c_w.l(fputc.o)
    0x00009536   0x00000002   PAD
    0x00009538   0x00000090   Code   RO         3848    i.gpio_dir          mbed.lib(gpio_api.o)
    0x000095c8   0x00000038   Code   RO         3849    i.gpio_init         mbed.lib(gpio_api.o)
    0x00009600   0x00000012   Code   RO         1898    i.gpio_init_in      mbed.lib(gpio.o)
    0x00009612   0x00000014   Code   RO         1899    i.gpio_init_in_ex   mbed.lib(gpio.o)
    0x00009626   0x00000012   Code   RO         1901    i.gpio_init_out     mbed.lib(gpio.o)
    0x00009638   0x00000016   Code   RO         1902    i.gpio_init_out_ex  mbed.lib(gpio.o)
    0x0000964e   0x00000012   Code   RO         3850    i.gpio_mode         mbed.lib(gpio_api.o)
    0x00009660   0x00000070   Code   RO         3851    i.gpio_set          mbed.lib(gpio_api.o)
    0x000096d0   0x00000080   Code   RO         1903    i.gpio_write        mbed.lib(gpio.o)
    0x00009750   0x00000080   Code   RO         5589    i.gpio_write        mbed.lib(board.o)
    0x000097d0   0x00000016   Code   RO         5213    i.i2c_clear_SI      mbed.lib(i2c_api.o)
    0x000097e6   0x00000018   Code   RO         5214    i.i2c_conclr        mbed.lib(i2c_api.o)
    0x000097fe   0x00000018   Code   RO         5215    i.i2c_conset        mbed.lib(i2c_api.o)
    0x00009816   0x0000003e   Code   RO         5216    i.i2c_do_read       mbed.lib(i2c_api.o)
    0x00009854   0x00000020   Code   RO         5217    i.i2c_do_write      mbed.lib(i2c_api.o)
    0x00009874   0x0000001c   Code   RO         5218    i.i2c_frequency     mbed.lib(i2c_api.o)
    0x00009890   0x00000144   Code   RO         5219    i.i2c_init          mbed.lib(i2c_api.o)
    0x000099d4   0x000000b0   Code   RO         5220    i.i2c_read          mbed.lib(i2c_api.o)
    0x00009a84   0x00000048   Code   RO         5329    i.i2c_start         mbed.lib(i2c_api.o)
    0x00009acc   0x00000008   Code   RO         5227    i.i2c_status        mbed.lib(i2c_api.o)
    0x00009ad4   0x00000040   Code   RO         5335    i.i2c_stop          mbed.lib(i2c_api.o)
    0x00009b14   0x00000028   Code   RO         5228    i.i2c_wait_SI       mbed.lib(i2c_api.o)
    0x00009b3c   0x00000082   Code   RO         5229    i.i2c_write         mbed.lib(i2c_api.o)
    0x00009bbe   0x00000002   PAD
    0x00009bc0   0x00000184   Code   RO            8    i.main              main.o
    0x00009d44   0x0000004c   Code   RO         1876    i.mbed_assert_internal  mbed.lib(assert.o)
    0x00009d90   0x00000074   Code   RO         5590    i.mbed_die          mbed.lib(board.o)
    0x00009e04   0x00000074   Code   RO         3994    i.mbed_mac_address  mbed.lib(ethernet_api.o)
    0x00009e78   0x00000002   Code   RO         4129    i.mbed_main         mbed.lib(retarget.o)
    0x00009e7a   0x00000002   Code   RO         4130    i.mbed_sdk_init     mbed.lib(retarget.o)
    0x00009e7c   0x00000014   Code   RO         2386    i.order             mbed.lib(analogin_api.o)
    0x00009e90   0x0000003c   Code   RO         3995    i.phy_read          mbed.lib(ethernet_api.o)
    0x00009ecc   0x00000034   Code   RO         3996    i.phy_write         mbed.lib(ethernet_api.o)
    0x00009f00   0x00000074   Code   RO         5185    i.pin_function      mbed.lib(pinmap.o)
    0x00009f74   0x0000008c   Code   RO         5186    i.pin_mode          mbed.lib(pinmap.o)
    0x0000a000   0x00000020   Code   RO         3655    i.pinmap_find_peripheral  mbed.lib(pinmap_common.o)
    0x0000a020   0x00000040   Code   RO         3657    i.pinmap_merge      mbed.lib(pinmap_common.o)
    0x0000a060   0x0000004c   Code   RO         3658    i.pinmap_peripheral  mbed.lib(pinmap_common.o)
    0x0000a0ac   0x00000054   Code   RO         3659    i.pinmap_pinout     mbed.lib(pinmap_common.o)
    0x0000a100   0x000000f4   Code   RO         5350    i.pwmout_init       mbed.lib(pwmout_api.o)
    0x0000a1f4   0x00000016   Code   RO         5352    i.pwmout_period_ms  mbed.lib(pwmout_api.o)
    0x0000a20a   0x00000002   PAD
    0x0000a20c   0x00000044   Code   RO         5353    i.pwmout_period_us  mbed.lib(pwmout_api.o)
    0x0000a250   0x00000068   Code   RO         5358    i.pwmout_write      mbed.lib(pwmout_api.o)
    0x0000a2b8   0x0000000c   Code   RO         3997    i.rinc              mbed.lib(ethernet_api.o)
    0x0000a2c4   0x00000068   Code   RO         3998    i.rxdscr_init       mbed.lib(ethernet_api.o)
    0x0000a32c   0x00000144   Code   RO         5430    i.serial_baud       mbed.lib(serial_api.o)
    0x0000a470   0x000000fc   Code   RO         5434    i.serial_format     mbed.lib(serial_api.o)
    0x0000a56c   0x000001ac   Code   RO         5437    i.serial_init       mbed.lib(serial_api.o)
    0x0000a718   0x00000018   Code   RO         5441    i.serial_putc       mbed.lib(serial_api.o)
    0x0000a730   0x0000000c   Code   RO         5443    i.serial_writable   mbed.lib(serial_api.o)
    0x0000a73c   0x0000005a   Code   RO         5683    i.ticker_irq_handler  mbed.lib(ticker_api.o)
    0x0000a796   0x00000002   PAD
    0x0000a798   0x0000005c   Code   RO         3999    i.txdscr_init       mbed.lib(ethernet_api.o)
    0x0000a7f4   0x0000000c   Code   RO         3930    i.us_ticker_clear_interrupt  mbed.lib(us_ticker.o)
    0x0000a800   0x00000014   Code   RO         3931    i.us_ticker_disable_interrupt  mbed.lib(us_ticker.o)
    0x0000a814   0x00000074   Code   RO         3932    i.us_ticker_init    mbed.lib(us_ticker.o)
    0x0000a888   0x00000010   Code   RO         4888    i.us_ticker_irq_handler  mbed.lib(us_ticker_api.o)
    0x0000a898   0x0000001c   Code   RO         3933    i.us_ticker_read    mbed.lib(us_ticker.o)
    0x0000a8b4   0x00000014   Code   RO         3934    i.us_ticker_set_interrupt  mbed.lib(us_ticker.o)
    0x0000a8c8   0x00000028   Code   RO         2060    i.wait              mbed.lib(wait_api.o)
    0x0000a8f0   0x00000012   Code   RO         2061    i.wait_ms           mbed.lib(wait_api.o)
    0x0000a902   0x00000018   Code   RO         2062    i.wait_us           mbed.lib(wait_api.o)
    0x0000a91a   0x00000002   PAD
    0x0000a91c   0x0000002c   Code   RO         6647    locale$$code        c_w.l(lc_numeric_c.o)
    0x0000a948   0x0000002c   Code   RO         6715    locale$$code        c_w.l(lc_ctype_c.o)
    0x0000a974   0x00000018   Code   RO         6359    x$fpl$basic         fz_wm.l(basic.o)
    0x0000a98c   0x00000062   Code   RO         6048    x$fpl$d2f           fz_wm.l(d2f.o)
    0x0000a9ee   0x00000002   PAD
    0x0000a9f0   0x00000150   Code   RO         6050    x$fpl$dadd          fz_wm.l(daddsub_clz.o)
    0x0000ab40   0x00000018   Code   RO         6361    x$fpl$dcmpinf       fz_wm.l(dcmpi.o)
    0x0000ab58   0x000002b0   Code   RO         6057    x$fpl$ddiv          fz_wm.l(ddiv.o)
    0x0000ae08   0x00000078   Code   RO         6060    x$fpl$deqf          fz_wm.l(deqf.o)
    0x0000ae80   0x0000005e   Code   RO         6585    x$fpl$dfix          fz_wm.l(dfix.o)
    0x0000aede   0x0000002e   Code   RO         6063    x$fpl$dflt          fz_wm.l(dflt_clz.o)
    0x0000af0c   0x00000026   Code   RO         6062    x$fpl$dfltu         fz_wm.l(dflt_clz.o)
    0x0000af32   0x00000002   PAD
    0x0000af34   0x00000078   Code   RO         6068    x$fpl$dleqf         fz_wm.l(dleqf.o)
    0x0000afac   0x00000154   Code   RO         6070    x$fpl$dmul          fz_wm.l(dmul.o)
    0x0000b100   0x0000009c   Code   RO         6363    x$fpl$dnaninf       fz_wm.l(dnaninf.o)
    0x0000b19c   0x0000000c   Code   RO         6365    x$fpl$dretinf       fz_wm.l(dretinf.o)
    0x0000b1a8   0x0000006c   Code   RO         6072    x$fpl$drleqf        fz_wm.l(drleqf.o)
    0x0000b214   0x00000016   Code   RO         6051    x$fpl$drsb          fz_wm.l(daddsub_clz.o)
    0x0000b22a   0x00000002   PAD
    0x0000b22c   0x000001d4   Code   RO         6052    x$fpl$dsub          fz_wm.l(daddsub_clz.o)
    0x0000b400   0x00000056   Code   RO         6074    x$fpl$f2d           fz_wm.l(f2d.o)
    0x0000b456   0x0000008c   Code   RO         6367    x$fpl$fnaninf       fz_wm.l(fnaninf.o)
    0x0000b4e2   0x0000000a   Code   RO         6589    x$fpl$fpinit        fz_wm.l(fpinit.o)
    0x0000b4ec   0x0000000a   Code   RO         6369    x$fpl$fretinf       fz_wm.l(fretinf.o)
    0x0000b4f6   0x00000004   Code   RO         6371    x$fpl$printf1       fz_wm.l(printf1.o)
    0x0000b4fa   0x00000004   Code   RO         6373    x$fpl$printf2       fz_wm.l(printf2.o)
    0x0000b4fe   0x00000000   Code   RO         6381    x$fpl$usenofp       fz_wm.l(usenofp.o)
    0x0000b4fe   0x00000002   PAD
    0x0000b500   0x0000006c   Data   RO         2387    .constdata          mbed.lib(analogin_api.o)
    0x0000b56c   0x000004fb   Data   RO         2493    .constdata          ebb.lib(adafruit_gfx.o)
    0x0000ba67   0x00000017   Data   RO         4172    .constdata          mbed.lib(retarget.o)
    0x0000ba7e   0x00000002   PAD
    0x0000ba80   0x0000001c   Data   RO         4889    .constdata          mbed.lib(us_ticker_api.o)
    0x0000ba9c   0x00000128   Data   RO         5230    .constdata          mbed.lib(i2c_api.o)
    0x0000bbc4   0x00000190   Data   RO         5359    .constdata          mbed.lib(pwmout_api.o)
    0x0000bd54   0x0000012c   Data   RO         5451    .constdata          mbed.lib(serial_api.o)
    0x0000be80   0x00000028   Data   RO         5822    .constdata          c_w.l(_printf_hex_int_ll_ptr.o)
    0x0000bea8   0x00000011   Data   RO         5842    .constdata          c_w.l(__printf_flags_ss_wp.o)
    0x0000beb9   0x00000003   PAD
    0x0000bebc   0x00000008   Data   RO         6195    .constdata          c_w.l(_printf_wctomb.o)
    0x0000bec4   0x00000004   PAD
    0x0000bec8   0x00000030   Data   RO         6383    .constdata          m_wm.l(cos_i.o)
    0x0000bef8   0x000000c8   Data   RO         6417    .constdata          m_wm.l(rred.o)
    0x0000bfc0   0x00000020   Data   RO         6421    .constdata          m_wm.l(rredf.o)
    0x0000bfe0   0x00000028   Data   RO         6424    .constdata          m_wm.l(sin_i.o)
    0x0000c008   0x00000026   Data   RO         6469    .constdata          c_w.l(_printf_fp_hex.o)
    0x0000c02e   0x00000002   PAD
    0x0000c030   0x00000094   Data   RO         6620    .constdata          c_w.l(bigflt0.o)
    0x0000c0c4   0x0000001c   Data   RO         4708    .constdata__ZTV10EaLcdBoard  ebb.lib(ealcdboard.o)
    0x0000c0e0   0x0000002c   Data   RO         2633    .constdata__ZTV12Adafruit_GFX  ebb.lib(adafruit_gfx.o)
    0x0000c10c   0x0000001c   Data   RO         4433    .constdata__ZTV14EaLcdBoardGPIO  ebb.lib(ealcdboardgpio.o)
    0x0000c128   0x00000010   Data   RO         1726    .constdata__ZTV3Cue  cue.o
    0x0000c138   0x0000002c   Data   RO         4789    .constdata__ZTV5GFXFb  ebb.lib(gfxfb.o)
    0x0000c164   0x00000070   Data   RO         3428    .constdata__ZTV7Display  ebb.lib(display.o)
    0x0000c1d4   0x0000002c   Data   RO         4338    .constdata__ZTVN4mbed10FileHandleE  mbed.lib(retarget.o)
    0x0000c200   0x00000044   Data   RO         2349    .constdata__ZTVN4mbed6StreamE  mbed.lib(stream.o)
    0x0000c244   0x00000010   Data   RO         2162    .constdata__ZTVN4mbed8EthernetE  mbed.lib(ethernet.o)
    0x0000c254   0x00000010   Data   RO         4967    .constdata__ZTVN4mbed8FileBaseE  mbed.lib(filebase.o)
    0x0000c264   0x0000003c   Data   RO         3735    .constdata__ZTVN4mbed8FileLikeE  mbed.lib(filelike.o)
    0x0000c2a0   0x00000048   Data   RO           16    .conststring        main.o
    0x0000c2e8   0x00000044   Data   RO         2388    .conststring        mbed.lib(analogin_api.o)
    0x0000c32c   0x00000042   Data   RO         5360    .conststring        mbed.lib(pwmout_api.o)
    0x0000c36e   0x00000002   PAD
    0x0000c370   0x000000c6   Data   RO         5452    .conststring        mbed.lib(serial_api.o)
    0x0000c436   0x00000002   PAD
    0x0000c438   0x00000020   Data   RO         6770    Region$$Table       anon$$obj.o
    0x0000c458   0x0000001c   Data   RO         6646    locale$$data        c_w.l(lc_numeric_c.o)
    0x0000c474   0x00000110   Data   RO         6714    locale$$data        c_w.l(lc_ctype_c.o)
    0x0000c584   0x00000004   Data   RO           18    .init_array         main.o
    0x0000c588   0x00000000   Data   RO         5918    .init_array         c_w.l(init_aeabi.o)


    Execution Region RW_IRAM1 (Base: 0x10000000, Size: 0x000056ec, Max: 0x00010000, ABSOLUTE, COMPRESSED[0x00001ab0])

    Base Addr    Size         Type   Attr      Idx    E Section Name        Object

    0x10000000   0x00003828   Data   RW           17    .data               main.o
    0x10003828   0x00000010   Data   RW         1801    .data               system_lpc407x_8x_177x_8x.o
    0x10003838   0x00000008   Data   RW         3390    .data               ebb.lib(display.o)
    0x10003840   0x00000004   Data   RW         3787    .data               mbed.lib(i2c.o)
    0x10003844   0x00000004   Data   RW         3935    .data               mbed.lib(us_ticker.o)
    0x10003848   0x00000022   Data   RW         4001    .data               mbed.lib(ethernet_api.o)
    0x1000386a   0x00000002   PAD
    0x1000386c   0x00000010   Data   RW         4820    .data               ebb.lib(sdram.o)
    0x1000387c   0x00000008   Data   RW         4890    .data               mbed.lib(us_ticker_api.o)
    0x10003884   0x00000004   Data   RW         4930    .data               mbed.lib(filebase.o)
    0x10003888   0x00000004   Data   RW         5361    .data               mbed.lib(pwmout_api.o)
    0x1000388c   0x00000010   Data   RW         5453    .data               mbed.lib(serial_api.o)
    0x1000389c   0x00000001   Data   RW         5630    .data               ebb.lib(lcdcontroller.o)
    0x1000389d   0x00000003   PAD
    0x100038a0   0x00000004   Data   RW         5873    .data               c_w.l(stdio_streams.o)
    0x100038a4   0x00000004   Data   RW         5874    .data               c_w.l(stdio_streams.o)
    0x100038a8   0x00000004   Data   RW         5875    .data               c_w.l(stdio_streams.o)
    0x100038ac   0x00000004   PAD
    0x100038b0   0x00001564   Data   RW         4002    AHBSRAM1            mbed.lib(ethernet_api.o)
    0x10004e14   0x00000004   PAD
    0x10004e18   0x00000370   Zero   RW           15    .bss                main.o
    0x10005188   0x00000040   Zero   RW         4171    .bss                mbed.lib(retarget.o)
    0x100051c8   0x00000400   Zero   RW         4565    .bss                ebb.lib(ealcdboard.o)
    0x100055c8   0x00000054   Zero   RW         5870    .bss                c_w.l(stdio_streams.o)
    0x1000561c   0x00000054   Zero   RW         5871    .bss                c_w.l(stdio_streams.o)
    0x10005670   0x00000054   Zero   RW         5872    .bss                c_w.l(stdio_streams.o)
    0x100056c4   0x00000004   Zero   RW         6140    .bss                c_w.l(rt_heap_descriptor.o)
    0x100056c8   0x00000004   Zero   RW         6145    .bss                c_w.l(rt_new_handler_addr.o)
    0x100056cc   0x00000004   Zero   RW         6150    .bss                c_w.l(rt_ddtor_pointer_addr.o)
    0x100056d0   0x00000004   Zero   RW         6450    .bss                c_w.l(rt_errno_addr.o)
    0x100056d4   0x00000014   Zero   RW         6606    .bss                c_w.l(rt_locale.o)
    0x100056e8   0x00000004   Zero   RW         6611    .bss                c_w.l(rt_eh_globals_addr.o)


==============================================================================

Image component sizes


      Code (inc. data)   RO Data    RW Data    ZI Data      Debug   Object Name

      1616        116          0          0          0      34784   ball.o
        64          6          0          0          0      28209   cmsis_nvic.o
       506         28         16          0          0       3344   cue.o
      2038         44          0          0          0      29424   game.o
       866        328          0          0          0      20716   interface.o
       856        168         76      14376        880      74455   main.o
      2164         70          0          0          0      15964   physics.o
       132         24          0          0          0       2928   shot.o
        40         12        228          0          0       1300   startup_lpc407x_8x_177x_8x.o
        48          6          0          0          0       3317   sys.o
      1040         62          0         16          0       4988   system_lpc407x_8x_177x_8x.o
       886         64          0          0          0       3124   table.o
       542          6          0          0          0      10092   vector.o

    ----------------------------------------------------------------------
     10818        934        352      14392        880     232645   Object Totals
         0          0         32          0          0          0   (incl. Generated)
        20          0          0          0          0          0   (incl. Padding)

    ----------------------------------------------------------------------

      Code (inc. data)   RO Data    RW Data    ZI Data      Debug   Library Member Name

        60          8          0          0          0         84   __0sscanf.o
        44          6          0          0          0         84   __2sprintf.o
        90          0          0          0          0          0   __dczerorl2.o
         8          0          0          0          0         68   __main.o
       392          4         17          0          0         92   __printf_flags_ss_wp.o
        14          0          0          0          0         68   __printf_wp.o
         0          0          0          0          0          0   __rtentry.o
        12          0          0          0          0          0   __rtentry2.o
         6          0          0          0          0          0   __rtentry4.o
        52          8          0          0          0          0   __scatter.o
        28          0          0          0          0          0   __scatter_zi.o
        28          0          0          0          0         68   _chval.o
         6          0          0          0          0          0   _printf_a.o
         6          0          0          0          0          0   _printf_c.o
        44          0          0          0          0        108   _printf_char.o
        48          6          0          0          0         96   _printf_char_common.o
        36          4          0          0          0         80   _printf_char_file.o
        40          0          0          0          0         68   _printf_charcount.o
         6          0          0          0          0          0   _printf_d.o
       120         16          0          0          0         92   _printf_dec.o
         6          0          0          0          0          0   _printf_e.o
         6          0          0          0          0          0   _printf_f.o
      1050          0          0          0          0        216   _printf_fp_dec.o
       764          8         38          0          0        100   _printf_fp_hex.o
       128         16          0          0          0         84   _printf_fp_infnan.o
         6          0          0          0          0          0   _printf_g.o
       148          4         40          0          0        160   _printf_hex_int_ll_ptr.o
         6          0          0          0          0          0   _printf_i.o
       178          0          0          0          0         88   _printf_intcommon.o
        10          0          0          0          0          0   _printf_l.o
         6          0          0          0          0          0   _printf_lc.o
        10          0          0          0          0          0   _printf_ll.o
         6          0          0          0          0          0   _printf_lld.o
         6          0          0          0          0          0   _printf_lli.o
         6          0          0          0          0          0   _printf_llo.o
         6          0          0          0          0          0   _printf_llu.o
         6          0          0          0          0          0   _printf_llx.o
       124         16          0          0          0         92   _printf_longlong_dec.o
         6          0          0          0          0          0   _printf_ls.o
         6          0          0          0          0          0   _printf_n.o
         6          0          0          0          0          0   _printf_o.o
       112          8          0          0          0        124   _printf_oct_int_ll.o
         6          0          0          0          0          0   _printf_p.o
        78          0          0          0          0        108   _printf_pad.o
         0          0          0          0          0          0   _printf_percent.o
         4          0          0          0          0          0   _printf_percent_end.o
         6          0          0          0          0          0   _printf_s.o
        82          0          0          0          0         80   _printf_str.o
        36          0          0          0          0         84   _printf_truncate.o
         6          0          0          0          0          0   _printf_u.o
        44          0          0          0          0        108   _printf_wchar.o
       188          6          8          0          0         92   _printf_wctomb.o
         6          0          0          0          0          0   _printf_x.o
        22          0          0          0          0        100   _rserrno.o
       884          6          0          0          0        100   _scanf.o
       332          0          0          0          0         96   _scanf_int.o
        64          0          0          0          0         84   _sgetc.o
        10          0          0          0          0         68   _sputc.o
        64          0          0          0          0         92   _wcrtomb.o
        22          0          0          0          0         80   abort.o
        46          0          0          0          0         84   aeabi_atexit.o
       220          4        148          0          0         96   bigflt0.o
      1910        128          0          0          0        672   btod.o
        10          0          0          0          0         68   c89vfprintf.o
        66          0          0          0          0         84   cxa_finalize.o
        48         34          0          0          0         76   defsig_abrt_inner.o
        14          0          0          0          0         80   defsig_abrt_outer.o
        10          0          0          0          0         68   defsig_exit.o
        50          0          0          0          0         88   defsig_general.o
        48         34          0          0          0         76   defsig_pvfn_inner.o
        14          0          0          0          0         80   defsig_pvfn_outer.o
        80         58          0          0          0         76   defsig_rtmem_inner.o
        14          0          0          0          0         80   defsig_rtmem_outer.o
        52         38          0          0          0         76   defsig_rtred_inner.o
        14          0          0          0          0         80   defsig_rtred_outer.o
        76          0          0          0          0         88   fclose.o
         8          0          0          0          0         68   ferror.o
       100          4          0          0          0        120   fflush.o
       470          0          0          0          0         88   flsbuf.o
       236          4          0          0          0        128   fopen.o
        26          0          0          0          0         68   fputc.o
       248          6          0          0          0         84   fseek.o
        66          0          0          0          0         76   ftell.o
        94          0          0          0          0         80   h1_alloc.o
        52          0          0          0          0         68   h1_extend.o
        78          0          0          0          0         80   h1_free.o
        14          0          0          0          0         84   h1_init.o
         8          0          0          0          0         84   heapauxmm.o
         4          0          0          0          0        136   hguard.o
         0          0          0          0          0          0   indicate_semi.o
        36         10          0          0          0         80   init_aeabi.o
       138          0          0          0          0        168   init_alloc.o
       312         46          0          0          0        112   initio.o
        18          0          0          0          0         76   isspace.o
        44         10        272          0          0         76   lc_ctype_c.o
        44         10         28          0          0         76   lc_numeric_c.o
         2          0          0          0          0          0   libinit.o
        50          0          0          0          0          0   libinit2.o
         0          0          0          0          0          0   libshutdown2.o
       138          0          0          0          0         80   lludiv10.o
         0          0          0          0          0          0   maybetermalloc1.o
        16          4          0          0          0         76   rt_ctype_table.o
         8          4          0          0          4         68   rt_ddtor_pointer_addr.o
         8          4          0          0          4         68   rt_eh_globals_addr.o
         8          4          0          0          4         68   rt_errno_addr.o
         8          4          0          0          4         68   rt_heap_descriptor.o
         8          4          0          0         20         68   rt_locale.o
        68          0          0          0          0         68   rt_memclr.o
        78          0          0          0          0         80   rt_memclr_w.o
       138          0          0          0          0         68   rt_memcpy_v6.o
       100          0          0          0          0         80   rt_memcpy_w.o
         8          4          0          0          4         68   rt_new_handler_addr.o
        44          8          0          0          0         84   scanf_char.o
        20          0          0          0          0         68   setbuf.o
        70          0          0          0          0         80   setvbuf.o
       240          6          0          0          0        156   stdio.o
         0          0          0         12        252          0   stdio_streams.o
       128          0          0          0          0         68   strcmpv7m.o
        62          0          0          0          0         76   strlen.o
       150          0          0          0          0         80   strncmp.o
        12          4          0          0          0         68   sys_exit.o
        14          0          0          0          0         76   sys_wrch.o
         2          0          0          0          0         68   use_no_semi.o
        10          0          0          0          0         68   vfprintf.o
        36          0          0          0          0         84   aeabi_vec_ctor_nocookie_nodtor.o
        80         12          0          0          0        104   arm_exceptions_globs.o
        60          0          0          0          0        108   arm_exceptions_mem.o
        26          0          0          0          0         76   arm_exceptions_terminate.o
         4          0          0          0          0         68   arm_newhandler_noexceptions.o
        16          0          0          0          0         68   cxa_guard_acquire.o
        40          6          0          0          0         76   new.o
         6          0          0          0          0         68   pure_virt.o
      1088         10       1319          0          0      18896   adafruit_gfx.o
       512         74        112          8          0      43440   display.o
      1810         52         28          0       1024      23412   ealcdboard.o
       488         58         28          0          0      15040   ealcdboardgpio.o
       252          4         44          0          0       4968   gfxfb.o
      1026         62          0          1          0       6512   lcdcontroller.o
        74          0          0          0          0      28008   lm75b.o
        36          0          0          0          0      27564   mma7455.o
      1694         98          0         16          0       7472   sdram.o
        24          0          0          0          0        164   basic.o
        98          4          0          0          0        140   d2f.o
       826         16          0          0          0        492   daddsub_clz.o
        24          0          0          0          0        116   dcmpi.o
       688        140          0          0          0        256   ddiv.o
       120          4          0          0          0        140   deqf.o
        94          4          0          0          0        140   dfix.o
        84          0          0          0          0        232   dflt_clz.o
       120          4          0          0          0        140   dleqf.o
       340         12          0          0          0        152   dmul.o
       156          4          0          0          0        140   dnaninf.o
        12          0          0          0          0        116   dretinf.o
       108          0          0          0          0        128   drleqf.o
        86          4          0          0          0        132   f2d.o
       140          4          0          0          0        132   fnaninf.o
        10          0          0          0          0        116   fpinit.o
        10          0          0          0          0        116   fretinf.o
         4          0          0          0          0        116   printf1.o
         4          0          0          0          0        116   printf2.o
         0          0          0          0          0          0   usenofp.o
       592         90          0          0          0        184   atan2f.o
       200         20          0          0          0        164   cos.o
       368         46         48          0          0        200   cos_i.o
       336         56          0          0          0        136   cosf.o
        84         16          0          0          0        372   dunder.o
        24          0          0          0          0        124   fabs.o
        48          0          0          0          0        124   fpclassify.o
        38          0          0          0          0        116   fpclassifyf.o
        44         12          0          0          0        464   funder.o
       248          0          0          0          0        152   poly.o
      1080        142        200          0          0        188   rred.o
       340         24         32          0          0        160   rredf.o
       200         20          0          0          0        164   sin.o
       304         24         40          0          0        208   sin_i.o
       400         56          0          0          0        212   sinf.o
       370         62        176          0          0       5504   analogin_api.o
        76         54          0          0          0        675   assert.o
       244         82          0          0          0       1235   board.o
        32          4          0          0          0       1112   error.o
       106          8         16          0          0      33956   ethernet.o
      2812        340          0       5510          0      20622   ethernet_api.o
       102         12         16          4          0       2024   filebase.o
       102         10         60          0          0       3676   filelike.o
       212          0          0          0          0       6512   filepath.o
       296         82          0          0          0      32600   gpio.o
       330        154          0          0          0       3094   gpio_api.o
       220         22          0          4          0       5048   i2c.o
      1006        122        296          0          0      11397   i2c_api.o
       256        148          0          0          0       1830   pinmap.o
       256         76          0          0          0       3056   pinmap_common.o
       438         68        466          4          0       4247   pwmout_api.o
       686         68         67          0         64      16066   retarget.o
        20          0          0          0          0       2972   rtc_time.o
      1040        144        498         16          0       7139   serial_api.o
       184         14         68          0          0       9264   stream.o
        90          0          0          0          0       1105   ticker_api.o
       196         48          0          4          0      29876   us_ticker.o
        16          6         28          8          0       1088   us_ticker_api.o
        82          4          0          0          0       1699   wait_api.o

    ----------------------------------------------------------------------
     35290       3158       4108       5596       1384     396053   Library Totals
        62          4         15          9          4          0   (incl. Padding)

    ----------------------------------------------------------------------

      Code (inc. data)   RO Data    RW Data    ZI Data      Debug   Library Name

     11554        548        551         12        292       8240   c_w.l
       268         18          0          0          0        652   cpprt_w.l
      6980        358       1531         25       1024     175312   ebb.lib
      2948        196          0          0          0       3084   fz_wm.l
      4306        506        320          0          0       2968   m_wm.l
      9172       1528       1691       5550         64     205797   mbed.lib

    ----------------------------------------------------------------------
     35290       3158       4108       5596       1384     396053   Library Totals

    ----------------------------------------------------------------------

==============================================================================


      Code (inc. data)   RO Data    RW Data    ZI Data      Debug   

     46108       4092       4460      19988       2264     587498   Grand Totals
     46108       4092       4460       6832       2264     587498   ELF Image Totals (compressed)
     46108       4092       4460       6832          0          0   ROM Totals

==============================================================================

    Total RO  Size (Code + RO Data)                50568 (  49.38kB)
    Total RW  Size (RW Data + ZI Data)             22252 (  21.73kB)
    Total ROM Size (Code + RO Data + RW Data)      57400 (  56.05kB)

==============================================================================

